graph_generation:               3.501371 s
construction_time:              1.111866 s
Running BFS 0
Time for BFS 0 is 0.010270
TEPS for BFS 0 is 1.63356e+09
Validating BFS 0
Validate time for BFS 0 is 0.036256
Running BFS 1
Time for BFS 1 is 0.012184
TEPS for BFS 1 is 1.37688e+09
Validating BFS 1
Validate time for BFS 1 is 0.038205
Running BFS 2
Time for BFS 2 is 0.013561
TEPS for BFS 2 is 1.23705e+09
Validating BFS 2
Validate time for BFS 2 is 0.041033
Running BFS 3
Time for BFS 3 is 0.012224
TEPS for BFS 3 is 1.37238e+09
Validating BFS 3
Validate time for BFS 3 is 0.040417
Running BFS 4
Time for BFS 4 is 0.011503
TEPS for BFS 4 is 1.45837e+09
Validating BFS 4
Validate time for BFS 4 is 0.041291
Running BFS 5
Time for BFS 5 is 0.010853
TEPS for BFS 5 is 1.5458e+09
Validating BFS 5
Validate time for BFS 5 is 0.041768
Running BFS 6
Time for BFS 6 is 0.011864
TEPS for BFS 6 is 1.41397e+09
Validating BFS 6
Validate time for BFS 6 is 0.043095
Running BFS 7
Time for BFS 7 is 0.013097
TEPS for BFS 7 is 1.28087e+09
Validating BFS 7
Validate time for BFS 7 is 0.041706
Running BFS 8
Time for BFS 8 is 0.009478
TEPS for BFS 8 is 1.76998e+09
Validating BFS 8
Validate time for BFS 8 is 0.043015
Running BFS 9
Time for BFS 9 is 0.011243
TEPS for BFS 9 is 1.49217e+09
Validating BFS 9
Validate time for BFS 9 is 0.042478
Running BFS 10
Time for BFS 10 is 0.012079
TEPS for BFS 10 is 1.38882e+09
Validating BFS 10
Validate time for BFS 10 is 0.040032
Running BFS 11
Time for BFS 11 is 0.011991
TEPS for BFS 11 is 1.39899e+09
Validating BFS 11
Validate time for BFS 11 is 0.042153
Running BFS 12
Time for BFS 12 is 0.012634
TEPS for BFS 12 is 1.32786e+09
Validating BFS 12
Validate time for BFS 12 is 0.041685
Running BFS 13
Time for BFS 13 is 0.011052
TEPS for BFS 13 is 1.51795e+09
Validating BFS 13
Validate time for BFS 13 is 0.042851
Running BFS 14
Time for BFS 14 is 0.011155
TEPS for BFS 14 is 1.50395e+09
Validating BFS 14
Validate time for BFS 14 is 0.042518
Running BFS 15
Time for BFS 15 is 0.011740
TEPS for BFS 15 is 1.42893e+09
Validating BFS 15
Validate time for BFS 15 is 0.043285
Running BFS 16
Time for BFS 16 is 0.011936
TEPS for BFS 16 is 1.40544e+09
Validating BFS 16
Validate time for BFS 16 is 0.042466
Running BFS 17
Time for BFS 17 is 0.009455
TEPS for BFS 17 is 1.77423e+09
Validating BFS 17
Validate time for BFS 17 is 0.040480
Running BFS 18
Time for BFS 18 is 0.010176
TEPS for BFS 18 is 1.64854e+09
Validating BFS 18
Validate time for BFS 18 is 0.042613
Running BFS 19
Time for BFS 19 is 0.011317
TEPS for BFS 19 is 1.4823e+09
Validating BFS 19
Validate time for BFS 19 is 0.042292
Running BFS 20
Time for BFS 20 is 0.011348
TEPS for BFS 20 is 1.47827e+09
Validating BFS 20
Validate time for BFS 20 is 0.040334
Running BFS 21
Time for BFS 21 is 0.012370
TEPS for BFS 21 is 1.35618e+09
Validating BFS 21
Validate time for BFS 21 is 0.042084
Running BFS 22
Time for BFS 22 is 0.011292
TEPS for BFS 22 is 1.48561e+09
Validating BFS 22
Validate time for BFS 22 is 0.042037
Running BFS 23
Time for BFS 23 is 0.013386
TEPS for BFS 23 is 1.2532e+09
Validating BFS 23
Validate time for BFS 23 is 0.043213
Running BFS 24
Time for BFS 24 is 0.012392
TEPS for BFS 24 is 1.35377e+09
Validating BFS 24
Validate time for BFS 24 is 0.041211
Running BFS 25
Time for BFS 25 is 0.011834
TEPS for BFS 25 is 1.41761e+09
Validating BFS 25
Validate time for BFS 25 is 0.041115
Running BFS 26
Time for BFS 26 is 0.009446
TEPS for BFS 26 is 1.77597e+09
Validating BFS 26
Validate time for BFS 26 is 0.040738
Running BFS 27
Time for BFS 27 is 0.010240
TEPS for BFS 27 is 1.63829e+09
Validating BFS 27
Validate time for BFS 27 is 0.040916
Running BFS 28
Time for BFS 28 is 0.010907
TEPS for BFS 28 is 1.5381e+09
Validating BFS 28
Validate time for BFS 28 is 0.041267
Running BFS 29
Time for BFS 29 is 0.011790
TEPS for BFS 29 is 1.42294e+09
Validating BFS 29
Validate time for BFS 29 is 0.041278
Running BFS 30
Time for BFS 30 is 0.009608
TEPS for BFS 30 is 1.74596e+09
Validating BFS 30
Validate time for BFS 30 is 0.043857
Running BFS 31
Time for BFS 31 is 0.010968
TEPS for BFS 31 is 1.5295e+09
Validating BFS 31
Validate time for BFS 31 is 0.042081
Running BFS 32
Time for BFS 32 is 0.010985
TEPS for BFS 32 is 1.52718e+09
Validating BFS 32
Validate time for BFS 32 is 0.042436
Running BFS 33
Time for BFS 33 is 0.010540
TEPS for BFS 33 is 1.5916e+09
Validating BFS 33
Validate time for BFS 33 is 0.043080
Running BFS 34
Time for BFS 34 is 0.011123
TEPS for BFS 34 is 1.50815e+09
Validating BFS 34
Validate time for BFS 34 is 0.042437
Running BFS 35
Time for BFS 35 is 0.011844
TEPS for BFS 35 is 1.41644e+09
Validating BFS 35
Validate time for BFS 35 is 0.041387
Running BFS 36
Time for BFS 36 is 0.011391
TEPS for BFS 36 is 1.4727e+09
Validating BFS 36
Validate time for BFS 36 is 0.041650
Running BFS 37
Time for BFS 37 is 0.010415
TEPS for BFS 37 is 1.61072e+09
Validating BFS 37
Validate time for BFS 37 is 0.040072
Running BFS 38
Time for BFS 38 is 0.012080
TEPS for BFS 38 is 1.38868e+09
Validating BFS 38
Validate time for BFS 38 is 0.041312
Running BFS 39
Time for BFS 39 is 0.011212
TEPS for BFS 39 is 1.49629e+09
Validating BFS 39
Validate time for BFS 39 is 0.041001
Running BFS 40
Time for BFS 40 is 0.011584
TEPS for BFS 40 is 1.44824e+09
Validating BFS 40
Validate time for BFS 40 is 0.042541
Running BFS 41
Time for BFS 41 is 0.009858
TEPS for BFS 41 is 1.70167e+09
Validating BFS 41
Validate time for BFS 41 is 0.043163
Running BFS 42
Time for BFS 42 is 0.011668
TEPS for BFS 42 is 1.43775e+09
Validating BFS 42
Validate time for BFS 42 is 0.041948
Running BFS 43
Time for BFS 43 is 0.010649
TEPS for BFS 43 is 1.57535e+09
Validating BFS 43
Validate time for BFS 43 is 0.042995
Running BFS 44
Time for BFS 44 is 0.010033
TEPS for BFS 44 is 1.67199e+09
Validating BFS 44
Validate time for BFS 44 is 0.042786
Running BFS 45
Time for BFS 45 is 0.011645
TEPS for BFS 45 is 1.44063e+09
Validating BFS 45
Validate time for BFS 45 is 0.039782
Running BFS 46
Time for BFS 46 is 0.012472
TEPS for BFS 46 is 1.34503e+09
Validating BFS 46
Validate time for BFS 46 is 0.040586
Running BFS 47
Time for BFS 47 is 0.010767
TEPS for BFS 47 is 1.55814e+09
Validating BFS 47
Validate time for BFS 47 is 0.042077
Running BFS 48
Time for BFS 48 is 0.010095
TEPS for BFS 48 is 1.66185e+09
Validating BFS 48
Validate time for BFS 48 is 0.042403
Running BFS 49
Time for BFS 49 is 0.011245
TEPS for BFS 49 is 1.49186e+09
Validating BFS 49
Validate time for BFS 49 is 0.042389
Running BFS 50
Time for BFS 50 is 0.011423
TEPS for BFS 50 is 1.46857e+09
Validating BFS 50
Validate time for BFS 50 is 0.041224
Running BFS 51
Time for BFS 51 is 0.009371
TEPS for BFS 51 is 1.79022e+09
Validating BFS 51
Validate time for BFS 51 is 0.040414
Running BFS 52
Time for BFS 52 is 0.009648
TEPS for BFS 52 is 1.73881e+09
Validating BFS 52
Validate time for BFS 52 is 0.041052
Running BFS 53
Time for BFS 53 is 0.011980
TEPS for BFS 53 is 1.40026e+09
Validating BFS 53
Validate time for BFS 53 is 0.041480
Running BFS 54
Time for BFS 54 is 0.010204
TEPS for BFS 54 is 1.644e+09
Validating BFS 54
Validate time for BFS 54 is 0.041153
Running BFS 55
Time for BFS 55 is 0.010594
TEPS for BFS 55 is 1.5835e+09
Validating BFS 55
Validate time for BFS 55 is 0.041467
Running BFS 56
Time for BFS 56 is 0.010615
TEPS for BFS 56 is 1.58041e+09
Validating BFS 56
Validate time for BFS 56 is 0.041151
Running BFS 57
Time for BFS 57 is 0.009597
TEPS for BFS 57 is 1.74795e+09
Validating BFS 57
Validate time for BFS 57 is 0.041635
Running BFS 58
Time for BFS 58 is 0.010657
TEPS for BFS 58 is 1.57413e+09
Validating BFS 58
Validate time for BFS 58 is 0.041650
Running BFS 59
Time for BFS 59 is 0.009219
TEPS for BFS 59 is 1.81972e+09
Validating BFS 59
Validate time for BFS 59 is 0.041957
Running BFS 60
Time for BFS 60 is 0.010991
TEPS for BFS 60 is 1.52631e+09
Validating BFS 60
Validate time for BFS 60 is 0.040843
Running BFS 61
Time for BFS 61 is 0.012486
TEPS for BFS 61 is 1.34357e+09
Validating BFS 61
Validate time for BFS 61 is 0.042127
Running BFS 62
Time for BFS 62 is 0.010361
TEPS for BFS 62 is 1.61919e+09
Validating BFS 62
Validate time for BFS 62 is 0.042677
Running BFS 63
Time for BFS 63 is 0.011710
TEPS for BFS 63 is 1.43266e+09
Validating BFS 63
Validate time for BFS 63 is 0.041393
SCALE:                          20
edgefactor:                     16
NBFS:                           64
graph_generation:               3.50137
num_mpi_processes:              128
construction_time:              1.11187
bfs  min_time:                  0.00921889
bfs  firstquartile_time:        0.0103879
bfs  median_time:               0.0112271
bfs  thirdquartile_time:        0.011854
bfs  max_time:                  0.0135612
bfs  mean_time:                 0.011154
bfs  stddev_time:               0.00102303
min_nedge:                      16775818
firstquartile_nedge:            16775818
median_nedge:                   16775818
thirdquartile_nedge:            16775818
max_nedge:                      16775818
mean_nedge:                     16775818
stddev_nedge:                   0
bfs  min_TEPS:                  1.23705e+09
bfs  firstquartile_TEPS:        1.41521e+09
bfs  median_TEPS:               1.49423e+09
bfs  thirdquartile_TEPS:        1.61495e+09
bfs  max_TEPS:                  1.81972e+09
bfs  harmonic_mean_TEPS:     !  1.50402e+09
bfs  harmonic_stddev_TEPS:      1.73796e+07
bfs  min_validate:              0.0362559
bfs  firstquartile_validate:    0.0410836
bfs  median_validate:           0.0416674
bfs  thirdquartile_validate:    0.0424512
bfs  max_validate:              0.0438568
bfs  mean_validate:             0.0416256
bfs  stddev_validate:           0.00121967
