graph_generation:               3.016525 s
construction_time:              0.475629 s
Running BFS 0
Time for BFS 0 is 0.071835
TEPS for BFS 0 is 2.33532e+08
Validating BFS 0
Validate time for BFS 0 is 0.527625
Running BFS 1
Time for BFS 1 is 0.078720
TEPS for BFS 1 is 2.13108e+08
Validating BFS 1
Validate time for BFS 1 is 0.532744
Running BFS 2
Time for BFS 2 is 0.107126
TEPS for BFS 2 is 1.56599e+08
Validating BFS 2
Validate time for BFS 2 is 0.524543
Running BFS 3
Time for BFS 3 is 0.085908
TEPS for BFS 3 is 1.95276e+08
Validating BFS 3
Validate time for BFS 3 is 0.531373
Running BFS 4
Time for BFS 4 is 0.088007
TEPS for BFS 4 is 1.90619e+08
Validating BFS 4
Validate time for BFS 4 is 0.532969
Running BFS 5
Time for BFS 5 is 0.073523
TEPS for BFS 5 is 2.2817e+08
Validating BFS 5
Validate time for BFS 5 is 0.529787
Running BFS 6
Time for BFS 6 is 0.087582
TEPS for BFS 6 is 1.91544e+08
Validating BFS 6
Validate time for BFS 6 is 0.524997
Running BFS 7
Time for BFS 7 is 0.081781
TEPS for BFS 7 is 2.0513e+08
Validating BFS 7
Validate time for BFS 7 is 0.526074
Running BFS 8
Time for BFS 8 is 0.063597
TEPS for BFS 8 is 2.63785e+08
Validating BFS 8
Validate time for BFS 8 is 0.525432
Running BFS 9
Time for BFS 9 is 0.090085
TEPS for BFS 9 is 1.86222e+08
Validating BFS 9
Validate time for BFS 9 is 0.528124
Running BFS 10
Time for BFS 10 is 0.078000
TEPS for BFS 10 is 2.15075e+08
Validating BFS 10
Validate time for BFS 10 is 0.531789
Running BFS 11
Time for BFS 11 is 0.086761
TEPS for BFS 11 is 1.93357e+08
Validating BFS 11
Validate time for BFS 11 is 0.529821
Running BFS 12
Time for BFS 12 is 0.080218
TEPS for BFS 12 is 2.09129e+08
Validating BFS 12
Validate time for BFS 12 is 0.528178
Running BFS 13
Time for BFS 13 is 0.091146
TEPS for BFS 13 is 1.84054e+08
Validating BFS 13
Validate time for BFS 13 is 0.533018
Running BFS 14
Time for BFS 14 is 0.091065
TEPS for BFS 14 is 1.84218e+08
Validating BFS 14
Validate time for BFS 14 is 0.531258
Running BFS 15
Time for BFS 15 is 0.075338
TEPS for BFS 15 is 2.22675e+08
Validating BFS 15
Validate time for BFS 15 is 0.527857
Running BFS 16
Time for BFS 16 is 0.086121
TEPS for BFS 16 is 1.94793e+08
Validating BFS 16
Validate time for BFS 16 is 0.531781
Running BFS 17
Time for BFS 17 is 0.068133
TEPS for BFS 17 is 2.46221e+08
Validating BFS 17
Validate time for BFS 17 is 0.531666
Running BFS 18
Time for BFS 18 is 0.071323
TEPS for BFS 18 is 2.35209e+08
Validating BFS 18
Validate time for BFS 18 is 0.527999
Running BFS 19
Time for BFS 19 is 0.071801
TEPS for BFS 19 is 2.33643e+08
Validating BFS 19
Validate time for BFS 19 is 0.529288
Running BFS 20
Time for BFS 20 is 0.089372
TEPS for BFS 20 is 1.87707e+08
Validating BFS 20
Validate time for BFS 20 is 0.524237
Running BFS 21
Time for BFS 21 is 0.081736
TEPS for BFS 21 is 2.05245e+08
Validating BFS 21
Validate time for BFS 21 is 0.533591
Running BFS 22
Time for BFS 22 is 0.075121
TEPS for BFS 22 is 2.23318e+08
Validating BFS 22
Validate time for BFS 22 is 0.532855
Running BFS 23
Time for BFS 23 is 0.107701
TEPS for BFS 23 is 1.55763e+08
Validating BFS 23
Validate time for BFS 23 is 0.534596
Running BFS 24
Time for BFS 24 is 0.085664
TEPS for BFS 24 is 1.95832e+08
Validating BFS 24
Validate time for BFS 24 is 0.530782
Running BFS 25
Time for BFS 25 is 0.074759
TEPS for BFS 25 is 2.24399e+08
Validating BFS 25
Validate time for BFS 25 is 0.531576
Running BFS 26
Time for BFS 26 is 0.068838
TEPS for BFS 26 is 2.43701e+08
Validating BFS 26
Validate time for BFS 26 is 0.525344
Running BFS 27
Time for BFS 27 is 0.092816
TEPS for BFS 27 is 1.80742e+08
Validating BFS 27
Validate time for BFS 27 is 0.534979
Running BFS 28
Time for BFS 28 is 0.098758
TEPS for BFS 28 is 1.69869e+08
Validating BFS 28
Validate time for BFS 28 is 0.532172
Running BFS 29
Time for BFS 29 is 0.076131
TEPS for BFS 29 is 2.20354e+08
Validating BFS 29
Validate time for BFS 29 is 0.527865
Running BFS 30
Time for BFS 30 is 0.069823
TEPS for BFS 30 is 2.40264e+08
Validating BFS 30
Validate time for BFS 30 is 0.525723
Running BFS 31
Time for BFS 31 is 0.090185
TEPS for BFS 31 is 1.86015e+08
Validating BFS 31
Validate time for BFS 31 is 0.532516
Running BFS 32
Time for BFS 32 is 0.090674
TEPS for BFS 32 is 1.85012e+08
Validating BFS 32
Validate time for BFS 32 is 0.525228
Running BFS 33
Time for BFS 33 is 0.073163
TEPS for BFS 33 is 2.29294e+08
Validating BFS 33
Validate time for BFS 33 is 0.530742
Running BFS 34
Time for BFS 34 is 0.090454
TEPS for BFS 34 is 1.85462e+08
Validating BFS 34
Validate time for BFS 34 is 0.532574
Running BFS 35
Time for BFS 35 is 0.087101
TEPS for BFS 35 is 1.92601e+08
Validating BFS 35
Validate time for BFS 35 is 0.528730
Running BFS 36
Time for BFS 36 is 0.090671
TEPS for BFS 36 is 1.85018e+08
Validating BFS 36
Validate time for BFS 36 is 0.529133
Running BFS 37
Time for BFS 37 is 0.095639
TEPS for BFS 37 is 1.75408e+08
Validating BFS 37
Validate time for BFS 37 is 0.529335
Running BFS 38
Time for BFS 38 is 0.087427
TEPS for BFS 38 is 1.91885e+08
Validating BFS 38
Validate time for BFS 38 is 0.527607
Running BFS 39
Time for BFS 39 is 0.090442
TEPS for BFS 39 is 1.85486e+08
Validating BFS 39
Validate time for BFS 39 is 0.529819
Running BFS 40
Time for BFS 40 is 0.089663
TEPS for BFS 40 is 1.87098e+08
Validating BFS 40
Validate time for BFS 40 is 0.532928
Running BFS 41
Time for BFS 41 is 0.068177
TEPS for BFS 41 is 2.46064e+08
Validating BFS 41
Validate time for BFS 41 is 0.525920
Running BFS 42
Time for BFS 42 is 0.091061
TEPS for BFS 42 is 1.84226e+08
Validating BFS 42
Validate time for BFS 42 is 0.530079
Running BFS 43
Time for BFS 43 is 0.094727
TEPS for BFS 43 is 1.77096e+08
Validating BFS 43
Validate time for BFS 43 is 0.530896
Running BFS 44
Time for BFS 44 is 0.072122
TEPS for BFS 44 is 2.32604e+08
Validating BFS 44
Validate time for BFS 44 is 0.525252
Running BFS 45
Time for BFS 45 is 0.088585
TEPS for BFS 45 is 1.89375e+08
Validating BFS 45
Validate time for BFS 45 is 0.527759
Running BFS 46
Time for BFS 46 is 0.081195
TEPS for BFS 46 is 2.06611e+08
Validating BFS 46
Validate time for BFS 46 is 0.522645
Running BFS 47
Time for BFS 47 is 0.090498
TEPS for BFS 47 is 1.85371e+08
Validating BFS 47
Validate time for BFS 47 is 0.531238
Running BFS 48
Time for BFS 48 is 0.071338
TEPS for BFS 48 is 2.35159e+08
Validating BFS 48
Validate time for BFS 48 is 0.522160
Running BFS 49
Time for BFS 49 is 0.091036
TEPS for BFS 49 is 1.84277e+08
Validating BFS 49
Validate time for BFS 49 is 0.530440
Running BFS 50
Time for BFS 50 is 0.089358
TEPS for BFS 50 is 1.87737e+08
Validating BFS 50
Validate time for BFS 50 is 0.526212
Running BFS 51
Time for BFS 51 is 0.066990
TEPS for BFS 51 is 2.50424e+08
Validating BFS 51
Validate time for BFS 51 is 0.527732
Running BFS 52
Time for BFS 52 is 0.067396
TEPS for BFS 52 is 2.48913e+08
Validating BFS 52
Validate time for BFS 52 is 0.528070
Running BFS 53
Time for BFS 53 is 0.087824
TEPS for BFS 53 is 1.91016e+08
Validating BFS 53
Validate time for BFS 53 is 0.528704
Running BFS 54
Time for BFS 54 is 0.071523
TEPS for BFS 54 is 2.3455e+08
Validating BFS 54
Validate time for BFS 54 is 0.526936
Running BFS 55
Time for BFS 55 is 0.092395
TEPS for BFS 55 is 1.81566e+08
Validating BFS 55
Validate time for BFS 55 is 0.527022
Running BFS 56
Time for BFS 56 is 0.093086
TEPS for BFS 56 is 1.80218e+08
Validating BFS 56
Validate time for BFS 56 is 0.534114
Running BFS 57
Time for BFS 57 is 0.070144
TEPS for BFS 57 is 2.39164e+08
Validating BFS 57
Validate time for BFS 57 is 0.526643
Running BFS 58
Time for BFS 58 is 0.074669
TEPS for BFS 58 is 2.24668e+08
Validating BFS 58
Validate time for BFS 58 is 0.529382
Running BFS 59
Time for BFS 59 is 0.067824
TEPS for BFS 59 is 2.47344e+08
Validating BFS 59
Validate time for BFS 59 is 0.530823
Running BFS 60
Time for BFS 60 is 0.092082
TEPS for BFS 60 is 1.82183e+08
Validating BFS 60
Validate time for BFS 60 is 0.533505
Running BFS 61
Time for BFS 61 is 0.078443
TEPS for BFS 61 is 2.13859e+08
Validating BFS 61
Validate time for BFS 61 is 0.529630
Running BFS 62
Time for BFS 62 is 0.070433
TEPS for BFS 62 is 2.38181e+08
Validating BFS 62
Validate time for BFS 62 is 0.526388
Running BFS 63
Time for BFS 63 is 0.088635
TEPS for BFS 63 is 1.89269e+08
Validating BFS 63
Validate time for BFS 63 is 0.529109
SCALE:                          20
edgefactor:                     16
NBFS:                           64
graph_generation:               3.01653
num_mpi_processes:              2
construction_time:              0.475629
bfs  min_time:                  0.0635966
bfs  firstquartile_time:        0.0726423
bfs  median_time:               0.0860147
bfs  thirdquartile_time:        0.0904763
bfs  max_time:                  0.107701
bfs  mean_time:                 0.0827149
bfs  stddev_time:               0.0102894
min_nedge:                      16775818
firstquartile_nedge:            16775818
median_nedge:                   16775818
thirdquartile_nedge:            16775818
max_nedge:                      16775818
mean_nedge:                     16775818
stddev_nedge:                   0
bfs  min_TEPS:                  1.55763e+08
bfs  firstquartile_TEPS:        1.85417e+08
bfs  median_TEPS:               1.95034e+08
bfs  thirdquartile_TEPS:        2.30937e+08
bfs  max_TEPS:                  2.63785e+08
bfs  harmonic_mean_TEPS:     !  2.02815e+08
bfs  harmonic_stddev_TEPS:      3.17862e+06
bfs  min_validate:              0.52216
bfs  firstquartile_validate:    0.526979
bfs  median_validate:           0.529311
bfs  thirdquartile_validate:    0.531621
bfs  max_validate:              0.534979
bfs  mean_validate:             0.529208
bfs  stddev_validate:           0.00302787
