graph_generation:               3.022841 s
construction_time:              0.867678 s
Running BFS 0
Time for BFS 0 is 0.006946
TEPS for BFS 0 is 2.41506e+09
Validating BFS 0
Validate time for BFS 0 is 0.048353
Running BFS 1
Time for BFS 1 is 0.007697
TEPS for BFS 1 is 2.17957e+09
Validating BFS 1
Validate time for BFS 1 is 0.047219
Running BFS 2
Time for BFS 2 is 0.009414
TEPS for BFS 2 is 1.78192e+09
Validating BFS 2
Validate time for BFS 2 is 0.049196
Running BFS 3
Time for BFS 3 is 0.007970
TEPS for BFS 3 is 2.105e+09
Validating BFS 3
Validate time for BFS 3 is 0.047720
Running BFS 4
Time for BFS 4 is 0.008069
TEPS for BFS 4 is 2.07897e+09
Validating BFS 4
Validate time for BFS 4 is 0.047714
Running BFS 5
Time for BFS 5 is 0.006958
TEPS for BFS 5 is 2.41116e+09
Validating BFS 5
Validate time for BFS 5 is 0.046243
Running BFS 6
Time for BFS 6 is 0.008018
TEPS for BFS 6 is 2.09233e+09
Validating BFS 6
Validate time for BFS 6 is 0.047623
Running BFS 7
Time for BFS 7 is 0.007857
TEPS for BFS 7 is 2.13514e+09
Validating BFS 7
Validate time for BFS 7 is 0.046608
Running BFS 8
Time for BFS 8 is 0.006557
TEPS for BFS 8 is 2.55857e+09
Validating BFS 8
Validate time for BFS 8 is 0.048143
Running BFS 9
Time for BFS 9 is 0.008176
TEPS for BFS 9 is 2.05185e+09
Validating BFS 9
Validate time for BFS 9 is 0.048785
Running BFS 10
Time for BFS 10 is 0.007771
TEPS for BFS 10 is 2.15872e+09
Validating BFS 10
Validate time for BFS 10 is 0.046368
Running BFS 11
Time for BFS 11 is 0.008041
TEPS for BFS 11 is 2.08635e+09
Validating BFS 11
Validate time for BFS 11 is 0.046138
Running BFS 12
Time for BFS 12 is 0.007872
TEPS for BFS 12 is 2.13094e+09
Validating BFS 12
Validate time for BFS 12 is 0.047460
Running BFS 13
Time for BFS 13 is 0.008141
TEPS for BFS 13 is 2.06072e+09
Validating BFS 13
Validate time for BFS 13 is 0.045798
Running BFS 14
Time for BFS 14 is 0.008404
TEPS for BFS 14 is 1.99628e+09
Validating BFS 14
Validate time for BFS 14 is 0.048140
Running BFS 15
Time for BFS 15 is 0.007669
TEPS for BFS 15 is 2.18747e+09
Validating BFS 15
Validate time for BFS 15 is 0.046844
Running BFS 16
Time for BFS 16 is 0.008172
TEPS for BFS 16 is 2.05281e+09
Validating BFS 16
Validate time for BFS 16 is 0.047132
Running BFS 17
Time for BFS 17 is 0.006884
TEPS for BFS 17 is 2.43689e+09
Validating BFS 17
Validate time for BFS 17 is 0.046071
Running BFS 18
Time for BFS 18 is 0.006892
TEPS for BFS 18 is 2.43423e+09
Validating BFS 18
Validate time for BFS 18 is 0.046140
Running BFS 19
Time for BFS 19 is 0.007525
TEPS for BFS 19 is 2.2292e+09
Validating BFS 19
Validate time for BFS 19 is 0.046041
Running BFS 20
Time for BFS 20 is 0.008141
TEPS for BFS 20 is 2.06058e+09
Validating BFS 20
Validate time for BFS 20 is 0.047151
Running BFS 21
Time for BFS 21 is 0.007912
TEPS for BFS 21 is 2.1203e+09
Validating BFS 21
Validate time for BFS 21 is 0.048373
Running BFS 22
Time for BFS 22 is 0.006973
TEPS for BFS 22 is 2.40593e+09
Validating BFS 22
Validate time for BFS 22 is 0.049174
Running BFS 23
Time for BFS 23 is 0.009618
TEPS for BFS 23 is 1.74421e+09
Validating BFS 23
Validate time for BFS 23 is 0.048198
Running BFS 24
Time for BFS 24 is 0.008034
TEPS for BFS 24 is 2.08809e+09
Validating BFS 24
Validate time for BFS 24 is 0.047314
Running BFS 25
Time for BFS 25 is 0.007686
TEPS for BFS 25 is 2.18253e+09
Validating BFS 25
Validate time for BFS 25 is 0.047207
Running BFS 26
Time for BFS 26 is 0.006710
TEPS for BFS 26 is 2.50018e+09
Validating BFS 26
Validate time for BFS 26 is 0.048571
Running BFS 27
Time for BFS 27 is 0.008229
TEPS for BFS 27 is 2.03858e+09
Validating BFS 27
Validate time for BFS 27 is 0.050148
Running BFS 28
Time for BFS 28 is 0.008508
TEPS for BFS 28 is 1.97174e+09
Validating BFS 28
Validate time for BFS 28 is 0.047332
Running BFS 29
Time for BFS 29 is 0.007708
TEPS for BFS 29 is 2.17639e+09
Validating BFS 29
Validate time for BFS 29 is 0.047155
Running BFS 30
Time for BFS 30 is 0.006842
TEPS for BFS 30 is 2.45184e+09
Validating BFS 30
Validate time for BFS 30 is 0.047222
Running BFS 31
Time for BFS 31 is 0.008144
TEPS for BFS 31 is 2.05996e+09
Validating BFS 31
Validate time for BFS 31 is 0.047878
Running BFS 32
Time for BFS 32 is 0.008145
TEPS for BFS 32 is 2.05962e+09
Validating BFS 32
Validate time for BFS 32 is 0.047507
Running BFS 33
Time for BFS 33 is 0.006860
TEPS for BFS 33 is 2.44528e+09
Validating BFS 33
Validate time for BFS 33 is 0.047101
Running BFS 34
Time for BFS 34 is 0.008187
TEPS for BFS 34 is 2.04905e+09
Validating BFS 34
Validate time for BFS 34 is 0.047377
Running BFS 35
Time for BFS 35 is 0.007976
TEPS for BFS 35 is 2.10318e+09
Validating BFS 35
Validate time for BFS 35 is 0.046358
Running BFS 36
Time for BFS 36 is 0.008303
TEPS for BFS 36 is 2.02035e+09
Validating BFS 36
Validate time for BFS 36 is 0.048180
Running BFS 37
Time for BFS 37 is 0.008390
TEPS for BFS 37 is 1.99947e+09
Validating BFS 37
Validate time for BFS 37 is 0.047038
Running BFS 38
Time for BFS 38 is 0.008055
TEPS for BFS 38 is 2.08266e+09
Validating BFS 38
Validate time for BFS 38 is 0.046760
Running BFS 39
Time for BFS 39 is 0.008131
TEPS for BFS 39 is 2.06331e+09
Validating BFS 39
Validate time for BFS 39 is 0.046262
Running BFS 40
Time for BFS 40 is 0.008108
TEPS for BFS 40 is 2.06913e+09
Validating BFS 40
Validate time for BFS 40 is 0.046946
Running BFS 41
Time for BFS 41 is 0.006695
TEPS for BFS 41 is 2.50566e+09
Validating BFS 41
Validate time for BFS 41 is 0.048861
Running BFS 42
Time for BFS 42 is 0.008118
TEPS for BFS 42 is 2.06659e+09
Validating BFS 42
Validate time for BFS 42 is 0.047565
Running BFS 43
Time for BFS 43 is 0.008266
TEPS for BFS 43 is 2.02942e+09
Validating BFS 43
Validate time for BFS 43 is 0.048429
Running BFS 44
Time for BFS 44 is 0.006851
TEPS for BFS 44 is 2.44878e+09
Validating BFS 44
Validate time for BFS 44 is 0.048271
Running BFS 45
Time for BFS 45 is 0.008067
TEPS for BFS 45 is 2.0796e+09
Validating BFS 45
Validate time for BFS 45 is 0.047501
Running BFS 46
Time for BFS 46 is 0.007815
TEPS for BFS 46 is 2.14655e+09
Validating BFS 46
Validate time for BFS 46 is 0.047329
Running BFS 47
Time for BFS 47 is 0.008119
TEPS for BFS 47 is 2.06622e+09
Validating BFS 47
Validate time for BFS 47 is 0.047610
Running BFS 48
Time for BFS 48 is 0.006836
TEPS for BFS 48 is 2.45403e+09
Validating BFS 48
Validate time for BFS 48 is 0.047348
Running BFS 49
Time for BFS 49 is 0.008121
TEPS for BFS 49 is 2.0658e+09
Validating BFS 49
Validate time for BFS 49 is 0.048118
Running BFS 50
Time for BFS 50 is 0.008121
TEPS for BFS 50 is 2.06579e+09
Validating BFS 50
Validate time for BFS 50 is 0.047322
Running BFS 51
Time for BFS 51 is 0.006713
TEPS for BFS 51 is 2.49888e+09
Validating BFS 51
Validate time for BFS 51 is 0.048482
Running BFS 52
Time for BFS 52 is 0.006668
TEPS for BFS 52 is 2.51584e+09
Validating BFS 52
Validate time for BFS 52 is 0.047625
Running BFS 53
Time for BFS 53 is 0.008051
TEPS for BFS 53 is 2.0837e+09
Validating BFS 53
Validate time for BFS 53 is 0.047437
Running BFS 54
Time for BFS 54 is 0.006847
TEPS for BFS 54 is 2.45023e+09
Validating BFS 54
Validate time for BFS 54 is 0.047740
Running BFS 55
Time for BFS 55 is 0.008264
TEPS for BFS 55 is 2.03008e+09
Validating BFS 55
Validate time for BFS 55 is 0.048572
Running BFS 56
Time for BFS 56 is 0.008253
TEPS for BFS 56 is 2.03257e+09
Validating BFS 56
Validate time for BFS 56 is 0.047466
Running BFS 57
Time for BFS 57 is 0.006786
TEPS for BFS 57 is 2.47224e+09
Validating BFS 57
Validate time for BFS 57 is 0.047592
Running BFS 58
Time for BFS 58 is 0.006982
TEPS for BFS 58 is 2.40288e+09
Validating BFS 58
Validate time for BFS 58 is 0.047095
Running BFS 59
Time for BFS 59 is 0.006747
TEPS for BFS 59 is 2.48656e+09
Validating BFS 59
Validate time for BFS 59 is 0.048783
Running BFS 60
Time for BFS 60 is 0.008234
TEPS for BFS 60 is 2.03744e+09
Validating BFS 60
Validate time for BFS 60 is 0.048244
Running BFS 61
Time for BFS 61 is 0.007785
TEPS for BFS 61 is 2.15502e+09
Validating BFS 61
Validate time for BFS 61 is 0.048677
Running BFS 62
Time for BFS 62 is 0.006822
TEPS for BFS 62 is 2.45913e+09
Validating BFS 62
Validate time for BFS 62 is 0.047207
Running BFS 63
Time for BFS 63 is 0.008089
TEPS for BFS 63 is 2.07402e+09
Validating BFS 63
Validate time for BFS 63 is 0.047933
SCALE:                          20
edgefactor:                     16
NBFS:                           64
graph_generation:               3.02284
num_mpi_processes:              64
construction_time:              0.867678
bfs  min_time:                  0.0065567
bfs  firstquartile_time:        0.00695196
bfs  median_time:               0.00799708
bfs  thirdquartile_time:        0.00814253
bfs  max_time:                  0.009618
bfs  mean_time:                 0.00773346
bfs  stddev_time:               0.00067669
min_nedge:                      16775818
firstquartile_nedge:            16775818
median_nedge:                   16775818
thirdquartile_nedge:            16775818
max_nedge:                      16775818
mean_nedge:                     16775818
stddev_nedge:                   0
bfs  min_TEPS:                  1.74421e+09
bfs  firstquartile_TEPS:        2.06027e+09
bfs  median_TEPS:               2.09774e+09
bfs  thirdquartile_TEPS:        2.41311e+09
bfs  max_TEPS:                  2.55857e+09
bfs  harmonic_mean_TEPS:     !  2.16925e+09
bfs  harmonic_stddev_TEPS:      2.39142e+07
bfs  min_validate:              0.045798
bfs  firstquartile_validate:    0.0471162
bfs  median_validate:           0.0474838
bfs  thirdquartile_validate:    0.0481891
bfs  max_validate:              0.050148
bfs  mean_validate:             0.0475655
bfs  stddev_validate:           0.000876183
