graph_generation:               3.019115 s
construction_time:              0.768407 s
Running BFS 0
Time for BFS 0 is 0.005620
TEPS for BFS 0 is 2.98522e+09
Validating BFS 0
Validate time for BFS 0 is 0.074762
Running BFS 1
Time for BFS 1 is 0.006017
TEPS for BFS 1 is 2.78811e+09
Validating BFS 1
Validate time for BFS 1 is 0.074549
Running BFS 2
Time for BFS 2 is 0.008157
TEPS for BFS 2 is 2.05657e+09
Validating BFS 2
Validate time for BFS 2 is 0.074021
Running BFS 3
Time for BFS 3 is 0.006539
TEPS for BFS 3 is 2.56566e+09
Validating BFS 3
Validate time for BFS 3 is 0.073733
Running BFS 4
Time for BFS 4 is 0.006670
TEPS for BFS 4 is 2.5152e+09
Validating BFS 4
Validate time for BFS 4 is 0.073831
Running BFS 5
Time for BFS 5 is 0.005743
TEPS for BFS 5 is 2.92089e+09
Validating BFS 5
Validate time for BFS 5 is 0.074009
Running BFS 6
Time for BFS 6 is 0.006650
TEPS for BFS 6 is 2.52253e+09
Validating BFS 6
Validate time for BFS 6 is 0.074058
Running BFS 7
Time for BFS 7 is 0.006387
TEPS for BFS 7 is 2.62661e+09
Validating BFS 7
Validate time for BFS 7 is 0.074356
Running BFS 8
Time for BFS 8 is 0.004946
TEPS for BFS 8 is 3.39208e+09
Validating BFS 8
Validate time for BFS 8 is 0.073203
Running BFS 9
Time for BFS 9 is 0.006785
TEPS for BFS 9 is 2.4725e+09
Validating BFS 9
Validate time for BFS 9 is 0.074001
Running BFS 10
Time for BFS 10 is 0.006030
TEPS for BFS 10 is 2.78193e+09
Validating BFS 10
Validate time for BFS 10 is 0.073473
Running BFS 11
Time for BFS 11 is 0.006552
TEPS for BFS 11 is 2.56032e+09
Validating BFS 11
Validate time for BFS 11 is 0.074046
Running BFS 12
Time for BFS 12 is 0.006209
TEPS for BFS 12 is 2.70181e+09
Validating BFS 12
Validate time for BFS 12 is 0.074319
Running BFS 13
Time for BFS 13 is 0.006960
TEPS for BFS 13 is 2.4102e+09
Validating BFS 13
Validate time for BFS 13 is 0.072309
Running BFS 14
Time for BFS 14 is 0.006928
TEPS for BFS 14 is 2.42145e+09
Validating BFS 14
Validate time for BFS 14 is 0.074663
Running BFS 15
Time for BFS 15 is 0.005899
TEPS for BFS 15 is 2.84398e+09
Validating BFS 15
Validate time for BFS 15 is 0.075071
Running BFS 16
Time for BFS 16 is 0.006533
TEPS for BFS 16 is 2.56797e+09
Validating BFS 16
Validate time for BFS 16 is 0.074351
Running BFS 17
Time for BFS 17 is 0.005401
TEPS for BFS 17 is 3.10612e+09
Validating BFS 17
Validate time for BFS 17 is 0.074130
Running BFS 18
Time for BFS 18 is 0.005534
TEPS for BFS 18 is 3.0313e+09
Validating BFS 18
Validate time for BFS 18 is 0.075052
Running BFS 19
Time for BFS 19 is 0.005625
TEPS for BFS 19 is 2.98245e+09
Validating BFS 19
Validate time for BFS 19 is 0.074120
Running BFS 20
Time for BFS 20 is 0.006818
TEPS for BFS 20 is 2.46063e+09
Validating BFS 20
Validate time for BFS 20 is 0.074179
Running BFS 21
Time for BFS 21 is 0.006274
TEPS for BFS 21 is 2.67404e+09
Validating BFS 21
Validate time for BFS 21 is 0.074109
Running BFS 22
Time for BFS 22 is 0.005799
TEPS for BFS 22 is 2.89284e+09
Validating BFS 22
Validate time for BFS 22 is 0.072911
Running BFS 23
Time for BFS 23 is 0.008140
TEPS for BFS 23 is 2.06094e+09
Validating BFS 23
Validate time for BFS 23 is 0.074260
Running BFS 24
Time for BFS 24 is 0.006505
TEPS for BFS 24 is 2.57892e+09
Validating BFS 24
Validate time for BFS 24 is 0.074313
Running BFS 25
Time for BFS 25 is 0.005862
TEPS for BFS 25 is 2.86202e+09
Validating BFS 25
Validate time for BFS 25 is 0.074615
Running BFS 26
Time for BFS 26 is 0.005341
TEPS for BFS 26 is 3.14122e+09
Validating BFS 26
Validate time for BFS 26 is 0.073523
Running BFS 27
Time for BFS 27 is 0.007135
TEPS for BFS 27 is 2.3512e+09
Validating BFS 27
Validate time for BFS 27 is 0.072604
Running BFS 28
Time for BFS 28 is 0.007404
TEPS for BFS 28 is 2.26586e+09
Validating BFS 28
Validate time for BFS 28 is 0.075025
Running BFS 29
Time for BFS 29 is 0.005942
TEPS for BFS 29 is 2.82326e+09
Validating BFS 29
Validate time for BFS 29 is 0.075179
Running BFS 30
Time for BFS 30 is 0.005381
TEPS for BFS 30 is 3.11772e+09
Validating BFS 30
Validate time for BFS 30 is 0.073591
Running BFS 31
Time for BFS 31 is 0.006869
TEPS for BFS 31 is 2.44226e+09
Validating BFS 31
Validate time for BFS 31 is 0.074982
Running BFS 32
Time for BFS 32 is 0.006810
TEPS for BFS 32 is 2.46323e+09
Validating BFS 32
Validate time for BFS 32 is 0.075305
Running BFS 33
Time for BFS 33 is 0.005595
TEPS for BFS 33 is 2.99819e+09
Validating BFS 33
Validate time for BFS 33 is 0.074777
Running BFS 34
Time for BFS 34 is 0.006914
TEPS for BFS 34 is 2.42652e+09
Validating BFS 34
Validate time for BFS 34 is 0.074057
Running BFS 35
Time for BFS 35 is 0.006663
TEPS for BFS 35 is 2.51779e+09
Validating BFS 35
Validate time for BFS 35 is 0.073620
Running BFS 36
Time for BFS 36 is 0.006920
TEPS for BFS 36 is 2.4242e+09
Validating BFS 36
Validate time for BFS 36 is 0.074774
Running BFS 37
Time for BFS 37 is 0.007148
TEPS for BFS 37 is 2.34683e+09
Validating BFS 37
Validate time for BFS 37 is 0.072978
Running BFS 38
Time for BFS 38 is 0.006684
TEPS for BFS 38 is 2.50989e+09
Validating BFS 38
Validate time for BFS 38 is 0.075284
Running BFS 39
Time for BFS 39 is 0.006780
TEPS for BFS 39 is 2.47418e+09
Validating BFS 39
Validate time for BFS 39 is 0.074138
Running BFS 40
Time for BFS 40 is 0.006821
TEPS for BFS 40 is 2.45951e+09
Validating BFS 40
Validate time for BFS 40 is 0.072837
Running BFS 41
Time for BFS 41 is 0.005289
TEPS for BFS 41 is 3.17208e+09
Validating BFS 41
Validate time for BFS 41 is 0.074874
Running BFS 42
Time for BFS 42 is 0.006859
TEPS for BFS 42 is 2.44593e+09
Validating BFS 42
Validate time for BFS 42 is 0.074405
Running BFS 43
Time for BFS 43 is 0.007135
TEPS for BFS 43 is 2.3513e+09
Validating BFS 43
Validate time for BFS 43 is 0.072620
Running BFS 44
Time for BFS 44 is 0.005582
TEPS for BFS 44 is 3.00542e+09
Validating BFS 44
Validate time for BFS 44 is 0.073689
Running BFS 45
Time for BFS 45 is 0.006705
TEPS for BFS 45 is 2.50212e+09
Validating BFS 45
Validate time for BFS 45 is 0.073582
Running BFS 46
Time for BFS 46 is 0.006186
TEPS for BFS 46 is 2.71188e+09
Validating BFS 46
Validate time for BFS 46 is 0.074218
Running BFS 47
Time for BFS 47 is 0.006890
TEPS for BFS 47 is 2.43497e+09
Validating BFS 47
Validate time for BFS 47 is 0.072480
Running BFS 48
Time for BFS 48 is 0.005549
TEPS for BFS 48 is 3.02349e+09
Validating BFS 48
Validate time for BFS 48 is 0.074753
Running BFS 49
Time for BFS 49 is 0.006866
TEPS for BFS 49 is 2.44338e+09
Validating BFS 49
Validate time for BFS 49 is 0.073607
Running BFS 50
Time for BFS 50 is 0.006810
TEPS for BFS 50 is 2.46344e+09
Validating BFS 50
Validate time for BFS 50 is 0.073830
Running BFS 51
Time for BFS 51 is 0.005231
TEPS for BFS 51 is 3.20693e+09
Validating BFS 51
Validate time for BFS 51 is 0.074076
Running BFS 52
Time for BFS 52 is 0.005280
TEPS for BFS 52 is 3.17729e+09
Validating BFS 52
Validate time for BFS 52 is 0.074100
Running BFS 53
Time for BFS 53 is 0.006625
TEPS for BFS 53 is 2.53209e+09
Validating BFS 53
Validate time for BFS 53 is 0.073951
Running BFS 54
Time for BFS 54 is 0.005534
TEPS for BFS 54 is 3.03155e+09
Validating BFS 54
Validate time for BFS 54 is 0.074228
Running BFS 55
Time for BFS 55 is 0.006960
TEPS for BFS 55 is 2.41038e+09
Validating BFS 55
Validate time for BFS 55 is 0.073703
Running BFS 56
Time for BFS 56 is 0.007141
TEPS for BFS 56 is 2.34938e+09
Validating BFS 56
Validate time for BFS 56 is 0.074221
Running BFS 57
Time for BFS 57 is 0.005456
TEPS for BFS 57 is 3.07477e+09
Validating BFS 57
Validate time for BFS 57 is 0.073690
Running BFS 58
Time for BFS 58 is 0.005720
TEPS for BFS 58 is 2.9328e+09
Validating BFS 58
Validate time for BFS 58 is 0.073757
Running BFS 59
Time for BFS 59 is 0.005287
TEPS for BFS 59 is 3.17298e+09
Validating BFS 59
Validate time for BFS 59 is 0.073385
Running BFS 60
Time for BFS 60 is 0.007463
TEPS for BFS 60 is 2.24789e+09
Validating BFS 60
Validate time for BFS 60 is 0.073457
Running BFS 61
Time for BFS 61 is 0.006011
TEPS for BFS 61 is 2.79107e+09
Validating BFS 61
Validate time for BFS 61 is 0.074919
Running BFS 62
Time for BFS 62 is 0.005465
TEPS for BFS 62 is 3.06952e+09
Validating BFS 62
Validate time for BFS 62 is 0.074949
Running BFS 63
Time for BFS 63 is 0.006673
TEPS for BFS 63 is 2.51391e+09
Validating BFS 63
Validate time for BFS 63 is 0.073966
SCALE:                          20
edgefactor:                     16
NBFS:                           64
graph_generation:               3.01911
num_mpi_processes:              32
construction_time:              0.768407
bfs  min_time:                  0.00494559
bfs  firstquartile_time:        0.00562224
bfs  median_time:               0.00653565
bfs  thirdquartile_time:        0.00686225
bfs  max_time:                  0.00815719
bfs  mean_time:                 0.00633909
bfs  stddev_time:               0.000729328
min_nedge:                      16775818
firstquartile_nedge:            16775818
median_nedge:                   16775818
thirdquartile_nedge:            16775818
max_nedge:                      16775818
mean_nedge:                     16775818
stddev_nedge:                   0
bfs  min_TEPS:                  2.05657e+09
bfs  firstquartile_TEPS:        2.44465e+09
bfs  median_TEPS:               2.56682e+09
bfs  thirdquartile_TEPS:        2.98383e+09
bfs  max_TEPS:                  3.39208e+09
bfs  harmonic_mean_TEPS:     !  2.64641e+09
bfs  harmonic_stddev_TEPS:      3.83603e+07
bfs  min_validate:              0.0723087
bfs  firstquartile_validate:    0.0736546
bfs  median_validate:           0.0740882
bfs  thirdquartile_validate:    0.0745823
bfs  max_validate:              0.0753055
bfs  mean_validate:             0.0740559
bfs  stddev_validate:           0.000704538
