graph_generation:               3.022746 s
construction_time:              0.754812 s
Running BFS 0
Time for BFS 0 is 0.000100
[romeo-c023:2222053] *** Process received signal ***
[romeo-c023:2222053] Signal: Segmentation fault (11)
[romeo-c023:2222053] Signal code: Address not mapped (1)
[romeo-c023:2222053] Failing at address: 0x1cf62e8
[romeo-c023:2222053] [ 0] /lib64/libc.so.6(+0x3e6f0)[0x145da263e6f0]
[romeo-c023:2222053] [ 1] ./graph500_custom_bfs_sssp[0x403916]
[romeo-c023:2222053] [ 2] ./graph500_custom_bfs_sssp[0x403c4c]
[romeo-c023:2222053] [ 3] ./graph500_custom_bfs_sssp[0x4032e1]
[romeo-c023:2222053] [ 4] /lib64/libc.so.6(+0x29590)[0x145da2629590]
[romeo-c023:2222053] [ 5] /lib64/libc.so.6(__libc_start_main+0x80)[0x145da2629640]
[romeo-c023:2222053] [ 6] ./graph500_custom_bfs_sssp[0x4036c5]
[romeo-c023:2222053] *** End of error message ***
--------------------------------------------------------------------------
Primary job  terminated normally, but 1 process returned
a non-zero exit code. Per user-direction, the job has been aborted.
--------------------------------------------------------------------------
--------------------------------------------------------------------------
mpirun noticed that process rank 12 with PID 0 on node romeo-c023 exited on signal 11 (Segmentation fault).
--------------------------------------------------------------------------
