graph_generation:               3.024737 s
construction_time:              0.646096 s
[romeo-c023:2221979] *** Process received signal ***
[romeo-c023:2221979] Signal: Segmentation fault (11)
[romeo-c023:2221979] Signal code: Address not mapped (1)
[romeo-c023:2221979] Failing at address: 0x187ffa8
[romeo-c023:2221979] [ 0] /lib64/libc.so.6(+0x3e6f0)[0x14fd2c43e6f0]
[romeo-c023:2221979] [ 1] ./graph500_custom_bfs_sssp[0x403916]
[romeo-c023:2221979] [ 2] ./graph500_custom_bfs_sssp[0x403c4c]
[romeo-c023:2221979] [ 3] ./graph500_custom_bfs_sssp[0x4032e1]
[romeo-c023:2221979] [ 4] /lib64/libc.so.6(+0x29590)[0x14fd2c429590]
[romeo-c023:2221979] [ 5] /lib64/libc.so.6(__libc_start_main+0x80)[0x14fd2c429640]
[romeo-c023:2221979] [ 6] ./graph500_custom_bfs_sssp[0x4036c5]
[romeo-c023:2221979] *** End of error message ***
--------------------------------------------------------------------------
Primary job  terminated normally, but 1 process returned
a non-zero exit code. Per user-direction, the job has been aborted.
--------------------------------------------------------------------------
--------------------------------------------------------------------------
mpirun noticed that process rank 12 with PID 0 on node romeo-c023 exited on signal 11 (Segmentation fault).
--------------------------------------------------------------------------
