graph_generation:               3.019900 s
construction_time:              0.488029 s
[romeo-c023:2221880] *** Process received signal ***
[romeo-c023:2221880] Signal: Segmentation fault (11)
[romeo-c023:2221880] Signal code: Address not mapped (1)
[romeo-c023:2221880] Failing at address: 0x1b88278
[romeo-c023:2221880] [ 0] /lib64/libc.so.6(+0x3e6f0)[0x150d3e03e6f0]
[romeo-c023:2221880] [ 1] ./graph500_custom_bfs_sssp[0x403916]
[romeo-c023:2221880] [ 2] ./graph500_custom_bfs_sssp[0x403c4c]
[romeo-c023:2221880] [ 3] ./graph500_custom_bfs_sssp[0x4032e1]
[romeo-c023:2221880] [ 4] /lib64/libc.so.6(+0x29590)[0x150d3e029590]
[romeo-c023:2221880] [ 5] /lib64/libc.so.6(__libc_start_main+0x80)[0x150d3e029640]
[romeo-c023:2221880] [ 6] ./graph500_custom_bfs_sssp[0x4036c5]
[romeo-c023:2221880] *** End of error message ***
--------------------------------------------------------------------------
Primary job  terminated normally, but 1 process returned
a non-zero exit code. Per user-direction, the job has been aborted.
--------------------------------------------------------------------------
--------------------------------------------------------------------------
mpirun noticed that process rank 0 with PID 0 on node romeo-c023 exited on signal 11 (Segmentation fault).
--------------------------------------------------------------------------
