graph_generation:               3.503447 s
construction_time:              1.163397 s
[romeo-c023:2222680] *** Process received signal ***
[romeo-c023:2222680] Signal: Segmentation fault (11)
[romeo-c023:2222680] Signal code: Address not mapped (1)
[romeo-c023:2222680] Failing at address: 0x1f1eaf8
[romeo-c023:2222680] [ 0] /lib64/libc.so.6(+0x3e6f0)[0x150f8003e6f0]
[romeo-c023:2222680] [ 1] ./graph500_custom_bfs_sssp[0x403916]
[romeo-c023:2222680] [ 2] ./graph500_custom_bfs_sssp[0x403c4c]
[romeo-c023:2222680] [ 3] ./graph500_custom_bfs_sssp[0x4032e1]
[romeo-c023:2222680] [ 4] /lib64/libc.so.6(+0x29590)[0x150f80029590]
[romeo-c023:2222680] [ 5] /lib64/libc.so.6(__libc_start_main+0x80)[0x150f80029640]
[romeo-c023:2222680] [ 6] ./graph500_custom_bfs_sssp[0x4036c5]
[romeo-c023:2222680] *** End of error message ***
--------------------------------------------------------------------------
Primary job  terminated normally, but 1 process returned
a non-zero exit code. Per user-direction, the job has been aborted.
--------------------------------------------------------------------------
--------------------------------------------------------------------------
mpirun noticed that process rank 76 with PID 0 on node romeo-c023 exited on signal 11 (Segmentation fault).
--------------------------------------------------------------------------
