graph_generation:               3.017485 s
construction_time:              0.472595 s
Running BFS 0
Time for BFS 0 is 0.071428
TEPS for BFS 0 is 2.34865e+08
Validating BFS 0
Validate time for BFS 0 is 0.533294
Running BFS 1
Time for BFS 1 is 0.078744
TEPS for BFS 1 is 2.13044e+08
Validating BFS 1
Validate time for BFS 1 is 0.532825
Running BFS 2
Time for BFS 2 is 0.107359
TEPS for BFS 2 is 1.56259e+08
Validating BFS 2
Validate time for BFS 2 is 0.537500
Running BFS 3
Time for BFS 3 is 0.086043
TEPS for BFS 3 is 1.94971e+08
Validating BFS 3
Validate time for BFS 3 is 0.527553
Running BFS 4
Time for BFS 4 is 0.088102
TEPS for BFS 4 is 1.90415e+08
Validating BFS 4
Validate time for BFS 4 is 0.537192
Running BFS 5
Time for BFS 5 is 0.073637
TEPS for BFS 5 is 2.27816e+08
Validating BFS 5
Validate time for BFS 5 is 0.533645
Running BFS 6
Time for BFS 6 is 0.088446
TEPS for BFS 6 is 1.89672e+08
Validating BFS 6
Validate time for BFS 6 is 0.527697
Running BFS 7
Time for BFS 7 is 0.081628
TEPS for BFS 7 is 2.05516e+08
Validating BFS 7
Validate time for BFS 7 is 0.534481
Running BFS 8
Time for BFS 8 is 0.063750
TEPS for BFS 8 is 2.63151e+08
Validating BFS 8
Validate time for BFS 8 is 0.532307
Running BFS 9
Time for BFS 9 is 0.090262
TEPS for BFS 9 is 1.85857e+08
Validating BFS 9
Validate time for BFS 9 is 0.531534
Running BFS 10
Time for BFS 10 is 0.077983
TEPS for BFS 10 is 2.15122e+08
Validating BFS 10
Validate time for BFS 10 is 0.524960
Running BFS 11
Time for BFS 11 is 0.086972
TEPS for BFS 11 is 1.92887e+08
Validating BFS 11
Validate time for BFS 11 is 0.529981
Running BFS 12
Time for BFS 12 is 0.080351
TEPS for BFS 12 is 2.08783e+08
Validating BFS 12
Validate time for BFS 12 is 0.528869
Running BFS 13
Time for BFS 13 is 0.091041
TEPS for BFS 13 is 1.84267e+08
Validating BFS 13
Validate time for BFS 13 is 0.538305
Running BFS 14
Time for BFS 14 is 0.090606
TEPS for BFS 14 is 1.85152e+08
Validating BFS 14
Validate time for BFS 14 is 0.535043
Running BFS 15
Time for BFS 15 is 0.075436
TEPS for BFS 15 is 2.22384e+08
Validating BFS 15
Validate time for BFS 15 is 0.536478
Running BFS 16
Time for BFS 16 is 0.086218
TEPS for BFS 16 is 1.94574e+08
Validating BFS 16
Validate time for BFS 16 is 0.532742
Running BFS 17
Time for BFS 17 is 0.068443
TEPS for BFS 17 is 2.45107e+08
Validating BFS 17
Validate time for BFS 17 is 0.534650
Running BFS 18
Time for BFS 18 is 0.071486
TEPS for BFS 18 is 2.34673e+08
Validating BFS 18
Validate time for BFS 18 is 0.526745
Running BFS 19
Time for BFS 19 is 0.072600
TEPS for BFS 19 is 2.31071e+08
Validating BFS 19
Validate time for BFS 19 is 0.536588
Running BFS 20
Time for BFS 20 is 0.089368
TEPS for BFS 20 is 1.87715e+08
Validating BFS 20
Validate time for BFS 20 is 0.527989
Running BFS 21
Time for BFS 21 is 0.081880
TEPS for BFS 21 is 2.04882e+08
Validating BFS 21
Validate time for BFS 21 is 0.529486
Running BFS 22
Time for BFS 22 is 0.075229
TEPS for BFS 22 is 2.22997e+08
Validating BFS 22
Validate time for BFS 22 is 0.535278
Running BFS 23
Time for BFS 23 is 0.108980
TEPS for BFS 23 is 1.53936e+08
Validating BFS 23
Validate time for BFS 23 is 0.533279
Running BFS 24
Time for BFS 24 is 0.085784
TEPS for BFS 24 is 1.95558e+08
Validating BFS 24
Validate time for BFS 24 is 0.529180
Running BFS 25
Time for BFS 25 is 0.074947
TEPS for BFS 25 is 2.23836e+08
Validating BFS 25
Validate time for BFS 25 is 0.535858
Running BFS 26
Time for BFS 26 is 0.068535
TEPS for BFS 26 is 2.44777e+08
Validating BFS 26
Validate time for BFS 26 is 0.534282
Running BFS 27
Time for BFS 27 is 0.092854
TEPS for BFS 27 is 1.80668e+08
Validating BFS 27
Validate time for BFS 27 is 0.538346
Running BFS 28
Time for BFS 28 is 0.098750
TEPS for BFS 28 is 1.69881e+08
Validating BFS 28
Validate time for BFS 28 is 0.529065
Running BFS 29
Time for BFS 29 is 0.075659
TEPS for BFS 29 is 2.2173e+08
Validating BFS 29
Validate time for BFS 29 is 0.527222
Running BFS 30
Time for BFS 30 is 0.069415
TEPS for BFS 30 is 2.41676e+08
Validating BFS 30
Validate time for BFS 30 is 0.529492
Running BFS 31
Time for BFS 31 is 0.090470
TEPS for BFS 31 is 1.8543e+08
Validating BFS 31
Validate time for BFS 31 is 0.528519
Running BFS 32
Time for BFS 32 is 0.090426
TEPS for BFS 32 is 1.85521e+08
Validating BFS 32
Validate time for BFS 32 is 0.529253
Running BFS 33
Time for BFS 33 is 0.073146
TEPS for BFS 33 is 2.29347e+08
Validating BFS 33
Validate time for BFS 33 is 0.534121
Running BFS 34
Time for BFS 34 is 0.090498
TEPS for BFS 34 is 1.85372e+08
Validating BFS 34
Validate time for BFS 34 is 0.533015
Running BFS 35
Time for BFS 35 is 0.087383
TEPS for BFS 35 is 1.91979e+08
Validating BFS 35
Validate time for BFS 35 is 0.530329
Running BFS 36
Time for BFS 36 is 0.090678
TEPS for BFS 36 is 1.85005e+08
Validating BFS 36
Validate time for BFS 36 is 0.532768
Running BFS 37
Time for BFS 37 is 0.094940
TEPS for BFS 37 is 1.767e+08
Validating BFS 37
Validate time for BFS 37 is 0.533867
Running BFS 38
Time for BFS 38 is 0.087592
TEPS for BFS 38 is 1.91522e+08
Validating BFS 38
Validate time for BFS 38 is 0.530492
Running BFS 39
Time for BFS 39 is 0.089864
TEPS for BFS 39 is 1.86681e+08
Validating BFS 39
Validate time for BFS 39 is 0.538143
Running BFS 40
Time for BFS 40 is 0.090289
TEPS for BFS 40 is 1.85801e+08
Validating BFS 40
Validate time for BFS 40 is 0.529728
Running BFS 41
Time for BFS 41 is 0.068676
TEPS for BFS 41 is 2.44275e+08
Validating BFS 41
Validate time for BFS 41 is 0.530018
Running BFS 42
Time for BFS 42 is 0.090337
TEPS for BFS 42 is 1.85703e+08
Validating BFS 42
Validate time for BFS 42 is 0.529508
Running BFS 43
Time for BFS 43 is 0.094393
TEPS for BFS 43 is 1.77722e+08
Validating BFS 43
Validate time for BFS 43 is 0.538662
Running BFS 44
Time for BFS 44 is 0.072261
TEPS for BFS 44 is 2.32154e+08
Validating BFS 44
Validate time for BFS 44 is 0.532734
Running BFS 45
Time for BFS 45 is 0.088567
TEPS for BFS 45 is 1.89415e+08
Validating BFS 45
Validate time for BFS 45 is 0.531215
Running BFS 46
Time for BFS 46 is 0.081332
TEPS for BFS 46 is 2.06264e+08
Validating BFS 46
Validate time for BFS 46 is 0.527684
Running BFS 47
Time for BFS 47 is 0.090649
TEPS for BFS 47 is 1.85063e+08
Validating BFS 47
Validate time for BFS 47 is 0.537308
Running BFS 48
Time for BFS 48 is 0.071674
TEPS for BFS 48 is 2.34056e+08
Validating BFS 48
Validate time for BFS 48 is 0.529045
Running BFS 49
Time for BFS 49 is 0.090455
TEPS for BFS 49 is 1.8546e+08
Validating BFS 49
Validate time for BFS 49 is 0.533062
Running BFS 50
Time for BFS 50 is 0.089550
TEPS for BFS 50 is 1.87334e+08
Validating BFS 50
Validate time for BFS 50 is 0.531429
Running BFS 51
Time for BFS 51 is 0.067265
TEPS for BFS 51 is 2.494e+08
Validating BFS 51
Validate time for BFS 51 is 0.537564
Running BFS 52
Time for BFS 52 is 0.067542
TEPS for BFS 52 is 2.48375e+08
Validating BFS 52
Validate time for BFS 52 is 0.536891
Running BFS 53
Time for BFS 53 is 0.087766
TEPS for BFS 53 is 1.91142e+08
Validating BFS 53
Validate time for BFS 53 is 0.528764
Running BFS 54
Time for BFS 54 is 0.071627
TEPS for BFS 54 is 2.3421e+08
Validating BFS 54
Validate time for BFS 54 is 0.529153
Running BFS 55
Time for BFS 55 is 0.092474
TEPS for BFS 55 is 1.8141e+08
Validating BFS 55
Validate time for BFS 55 is 0.539469
Running BFS 56
Time for BFS 56 is 0.093135
TEPS for BFS 56 is 1.80124e+08
Validating BFS 56
Validate time for BFS 56 is 0.536931
Running BFS 57
Time for BFS 57 is 0.070123
TEPS for BFS 57 is 2.39233e+08
Validating BFS 57
Validate time for BFS 57 is 0.533107
Running BFS 58
Time for BFS 58 is 0.074575
TEPS for BFS 58 is 2.24953e+08
Validating BFS 58
Validate time for BFS 58 is 0.529053
Running BFS 59
Time for BFS 59 is 0.067860
TEPS for BFS 59 is 2.47211e+08
Validating BFS 59
Validate time for BFS 59 is 0.531180
Running BFS 60
Time for BFS 60 is 0.092148
TEPS for BFS 60 is 1.82053e+08
Validating BFS 60
Validate time for BFS 60 is 0.530405
Running BFS 61
Time for BFS 61 is 0.078773
TEPS for BFS 61 is 2.12964e+08
Validating BFS 61
Validate time for BFS 61 is 0.528761
Running BFS 62
Time for BFS 62 is 0.070499
TEPS for BFS 62 is 2.37959e+08
Validating BFS 62
Validate time for BFS 62 is 0.530555
Running BFS 63
Time for BFS 63 is 0.089209
TEPS for BFS 63 is 1.88051e+08
Validating BFS 63
Validate time for BFS 63 is 0.527070
SCALE:                          20
edgefactor:                     16
NBFS:                           64
graph_generation:               3.01749
num_mpi_processes:              2
construction_time:              0.472595
bfs  min_time:                  0.0637498
bfs  firstquartile_time:        0.0728731
bfs  median_time:               0.0861304
bfs  thirdquartile_time:        0.0904403
bfs  max_time:                  0.10898
bfs  mean_time:                 0.082783
bfs  stddev_time:               0.0102944
min_nedge:                      16775818
firstquartile_nedge:            16775818
median_nedge:                   16775818
thirdquartile_nedge:            16775818
max_nedge:                      16775818
mean_nedge:                     16775818
stddev_nedge:                   0
bfs  min_TEPS:                  1.53936e+08
bfs  firstquartile_TEPS:        1.8549e+08
bfs  median_TEPS:               1.94772e+08
bfs  thirdquartile_TEPS:        2.30206e+08
bfs  max_TEPS:                  2.63151e+08
bfs  harmonic_mean_TEPS:     !  2.02648e+08
bfs  harmonic_stddev_TEPS:      3.17491e+06
bfs  min_validate:              0.52496
bfs  firstquartile_validate:    0.529167
bfs  median_validate:           0.53192
bfs  thirdquartile_validate:    0.534847
bfs  max_validate:              0.539469
bfs  mean_validate:             0.532214
bfs  stddev_validate:           0.00362346
