graph_generation:               3.020628 s
construction_time:              0.789192 s
Running BFS 0
Time for BFS 0 is 0.005574
TEPS for BFS 0 is 3.00984e+09
Validating BFS 0
Validate time for BFS 0 is 0.072333
Running BFS 1
Time for BFS 1 is 0.006011
TEPS for BFS 1 is 2.79072e+09
Validating BFS 1
Validate time for BFS 1 is 0.073291
Running BFS 2
Time for BFS 2 is 0.008090
TEPS for BFS 2 is 2.07362e+09
Validating BFS 2
Validate time for BFS 2 is 0.073100
Running BFS 3
Time for BFS 3 is 0.006580
TEPS for BFS 3 is 2.54935e+09
Validating BFS 3
Validate time for BFS 3 is 0.073228
Running BFS 4
Time for BFS 4 is 0.006659
TEPS for BFS 4 is 2.51915e+09
Validating BFS 4
Validate time for BFS 4 is 0.073395
Running BFS 5
Time for BFS 5 is 0.005706
TEPS for BFS 5 is 2.94009e+09
Validating BFS 5
Validate time for BFS 5 is 0.071901
Running BFS 6
Time for BFS 6 is 0.006636
TEPS for BFS 6 is 2.52812e+09
Validating BFS 6
Validate time for BFS 6 is 0.072712
Running BFS 7
Time for BFS 7 is 0.006250
TEPS for BFS 7 is 2.68397e+09
Validating BFS 7
Validate time for BFS 7 is 0.074186
Running BFS 8
Time for BFS 8 is 0.004933
TEPS for BFS 8 is 3.40089e+09
Validating BFS 8
Validate time for BFS 8 is 0.072628
Running BFS 9
Time for BFS 9 is 0.006800
TEPS for BFS 9 is 2.46701e+09
Validating BFS 9
Validate time for BFS 9 is 0.073252
Running BFS 10
Time for BFS 10 is 0.006011
TEPS for BFS 10 is 2.79101e+09
Validating BFS 10
Validate time for BFS 10 is 0.071075
Running BFS 11
Time for BFS 11 is 0.006567
TEPS for BFS 11 is 2.55457e+09
Validating BFS 11
Validate time for BFS 11 is 0.073458
Running BFS 12
Time for BFS 12 is 0.006216
TEPS for BFS 12 is 2.69899e+09
Validating BFS 12
Validate time for BFS 12 is 0.073366
Running BFS 13
Time for BFS 13 is 0.006878
TEPS for BFS 13 is 2.43921e+09
Validating BFS 13
Validate time for BFS 13 is 0.073442
Running BFS 14
Time for BFS 14 is 0.006898
TEPS for BFS 14 is 2.43194e+09
Validating BFS 14
Validate time for BFS 14 is 0.074516
Running BFS 15
Time for BFS 15 is 0.005901
TEPS for BFS 15 is 2.84302e+09
Validating BFS 15
Validate time for BFS 15 is 0.071826
Running BFS 16
Time for BFS 16 is 0.006520
TEPS for BFS 16 is 2.57314e+09
Validating BFS 16
Validate time for BFS 16 is 0.072554
Running BFS 17
Time for BFS 17 is 0.005340
TEPS for BFS 17 is 3.14138e+09
Validating BFS 17
Validate time for BFS 17 is 0.072213
Running BFS 18
Time for BFS 18 is 0.005530
TEPS for BFS 18 is 3.03386e+09
Validating BFS 18
Validate time for BFS 18 is 0.072375
Running BFS 19
Time for BFS 19 is 0.005626
TEPS for BFS 19 is 2.98197e+09
Validating BFS 19
Validate time for BFS 19 is 0.071252
Running BFS 20
Time for BFS 20 is 0.006736
TEPS for BFS 20 is 2.49053e+09
Validating BFS 20
Validate time for BFS 20 is 0.071981
Running BFS 21
Time for BFS 21 is 0.006297
TEPS for BFS 21 is 2.66423e+09
Validating BFS 21
Validate time for BFS 21 is 0.073041
Running BFS 22
Time for BFS 22 is 0.005840
TEPS for BFS 22 is 2.8727e+09
Validating BFS 22
Validate time for BFS 22 is 0.072289
Running BFS 23
Time for BFS 23 is 0.008147
TEPS for BFS 23 is 2.0591e+09
Validating BFS 23
Validate time for BFS 23 is 0.072552
Running BFS 24
Time for BFS 24 is 0.006486
TEPS for BFS 24 is 2.58644e+09
Validating BFS 24
Validate time for BFS 24 is 0.072981
Running BFS 25
Time for BFS 25 is 0.005845
TEPS for BFS 25 is 2.87024e+09
Validating BFS 25
Validate time for BFS 25 is 0.072611
Running BFS 26
Time for BFS 26 is 0.005356
TEPS for BFS 26 is 3.13228e+09
Validating BFS 26
Validate time for BFS 26 is 0.071162
Running BFS 27
Time for BFS 27 is 0.007071
TEPS for BFS 27 is 2.37243e+09
Validating BFS 27
Validate time for BFS 27 is 0.070740
Running BFS 28
Time for BFS 28 is 0.007434
TEPS for BFS 28 is 2.25656e+09
Validating BFS 28
Validate time for BFS 28 is 0.072325
Running BFS 29
Time for BFS 29 is 0.005894
TEPS for BFS 29 is 2.84611e+09
Validating BFS 29
Validate time for BFS 29 is 0.072454
Running BFS 30
Time for BFS 30 is 0.005392
TEPS for BFS 30 is 3.11146e+09
Validating BFS 30
Validate time for BFS 30 is 0.074022
Running BFS 31
Time for BFS 31 is 0.006827
TEPS for BFS 31 is 2.45712e+09
Validating BFS 31
Validate time for BFS 31 is 0.072704
Running BFS 32
Time for BFS 32 is 0.006802
TEPS for BFS 32 is 2.46645e+09
Validating BFS 32
Validate time for BFS 32 is 0.072689
Running BFS 33
Time for BFS 33 is 0.005594
TEPS for BFS 33 is 2.99885e+09
Validating BFS 33
Validate time for BFS 33 is 0.073027
Running BFS 34
Time for BFS 34 is 0.006867
TEPS for BFS 34 is 2.44293e+09
Validating BFS 34
Validate time for BFS 34 is 0.073770
Running BFS 35
Time for BFS 35 is 0.006582
TEPS for BFS 35 is 2.54863e+09
Validating BFS 35
Validate time for BFS 35 is 0.072081
Running BFS 36
Time for BFS 36 is 0.006861
TEPS for BFS 36 is 2.44526e+09
Validating BFS 36
Validate time for BFS 36 is 0.072424
Running BFS 37
Time for BFS 37 is 0.007148
TEPS for BFS 37 is 2.34697e+09
Validating BFS 37
Validate time for BFS 37 is 0.071045
Running BFS 38
Time for BFS 38 is 0.006616
TEPS for BFS 38 is 2.53578e+09
Validating BFS 38
Validate time for BFS 38 is 0.073483
Running BFS 39
Time for BFS 39 is 0.006766
TEPS for BFS 39 is 2.47949e+09
Validating BFS 39
Validate time for BFS 39 is 0.072625
Running BFS 40
Time for BFS 40 is 0.006782
TEPS for BFS 40 is 2.47342e+09
Validating BFS 40
Validate time for BFS 40 is 0.073133
Running BFS 41
Time for BFS 41 is 0.005312
TEPS for BFS 41 is 3.15836e+09
Validating BFS 41
Validate time for BFS 41 is 0.071629
Running BFS 42
Time for BFS 42 is 0.006812
TEPS for BFS 42 is 2.46285e+09
Validating BFS 42
Validate time for BFS 42 is 0.072595
Running BFS 43
Time for BFS 43 is 0.007147
TEPS for BFS 43 is 2.3472e+09
Validating BFS 43
Validate time for BFS 43 is 0.071078
Running BFS 44
Time for BFS 44 is 0.005615
TEPS for BFS 44 is 2.98743e+09
Validating BFS 44
Validate time for BFS 44 is 0.075266
Running BFS 45
Time for BFS 45 is 0.006720
TEPS for BFS 45 is 2.4963e+09
Validating BFS 45
Validate time for BFS 45 is 0.073365
Running BFS 46
Time for BFS 46 is 0.006206
TEPS for BFS 46 is 2.70333e+09
Validating BFS 46
Validate time for BFS 46 is 0.073499
Running BFS 47
Time for BFS 47 is 0.006871
TEPS for BFS 47 is 2.44156e+09
Validating BFS 47
Validate time for BFS 47 is 0.073500
Running BFS 48
Time for BFS 48 is 0.005512
TEPS for BFS 48 is 3.04348e+09
Validating BFS 48
Validate time for BFS 48 is 0.072782
Running BFS 49
Time for BFS 49 is 0.006819
TEPS for BFS 49 is 2.46016e+09
Validating BFS 49
Validate time for BFS 49 is 0.073339
Running BFS 50
Time for BFS 50 is 0.006763
TEPS for BFS 50 is 2.48039e+09
Validating BFS 50
Validate time for BFS 50 is 0.072872
Running BFS 51
Time for BFS 51 is 0.005204
TEPS for BFS 51 is 3.22374e+09
Validating BFS 51
Validate time for BFS 51 is 0.073586
Running BFS 52
Time for BFS 52 is 0.005292
TEPS for BFS 52 is 3.17016e+09
Validating BFS 52
Validate time for BFS 52 is 0.072180
Running BFS 53
Time for BFS 53 is 0.006602
TEPS for BFS 53 is 2.54095e+09
Validating BFS 53
Validate time for BFS 53 is 0.073366
Running BFS 54
Time for BFS 54 is 0.005493
TEPS for BFS 54 is 3.05412e+09
Validating BFS 54
Validate time for BFS 54 is 0.072772
Running BFS 55
Time for BFS 55 is 0.006981
TEPS for BFS 55 is 2.40312e+09
Validating BFS 55
Validate time for BFS 55 is 0.072281
Running BFS 56
Time for BFS 56 is 0.007036
TEPS for BFS 56 is 2.38431e+09
Validating BFS 56
Validate time for BFS 56 is 0.072062
Running BFS 57
Time for BFS 57 is 0.005424
TEPS for BFS 57 is 3.09294e+09
Validating BFS 57
Validate time for BFS 57 is 0.074450
Running BFS 58
Time for BFS 58 is 0.005739
TEPS for BFS 58 is 2.92293e+09
Validating BFS 58
Validate time for BFS 58 is 0.072393
Running BFS 59
Time for BFS 59 is 0.005287
TEPS for BFS 59 is 3.17302e+09
Validating BFS 59
Validate time for BFS 59 is 0.072817
Running BFS 60
Time for BFS 60 is 0.006944
TEPS for BFS 60 is 2.41594e+09
Validating BFS 60
Validate time for BFS 60 is 0.071740
Running BFS 61
Time for BFS 61 is 0.006032
TEPS for BFS 61 is 2.78136e+09
Validating BFS 61
Validate time for BFS 61 is 0.072074
Running BFS 62
Time for BFS 62 is 0.005504
TEPS for BFS 62 is 3.04809e+09
Validating BFS 62
Validate time for BFS 62 is 0.072229
Running BFS 63
Time for BFS 63 is 0.006682
TEPS for BFS 63 is 2.51057e+09
Validating BFS 63
Validate time for BFS 63 is 0.072493
SCALE:                          20
edgefactor:                     16
NBFS:                           64
graph_generation:               3.02063
num_mpi_processes:              32
construction_time:              0.789192
bfs  min_time:                  0.00493277
bfs  firstquartile_time:        0.00562061
bfs  median_time:               0.00654329
bfs  thirdquartile_time:        0.00681526
bfs  max_time:                  0.00814715
bfs  mean_time:                 0.00631347
bfs  stddev_time:               0.000710929
min_nedge:                      16775818
firstquartile_nedge:            16775818
median_nedge:                   16775818
thirdquartile_nedge:            16775818
max_nedge:                      16775818
mean_nedge:                     16775818
stddev_nedge:                   0
bfs  min_TEPS:                  2.0591e+09
bfs  firstquartile_TEPS:        2.46151e+09
bfs  median_TEPS:               2.56382e+09
bfs  thirdquartile_TEPS:        2.9847e+09
bfs  max_TEPS:                  3.40089e+09
bfs  harmonic_mean_TEPS:     !  2.65715e+09
bfs  harmonic_stddev_TEPS:      3.76967e+07
bfs  min_validate:              0.0707401
bfs  firstquartile_validate:    0.0722211
bfs  median_validate:           0.0726586
bfs  thirdquartile_validate:    0.0733521
bfs  max_validate:              0.0752663
bfs  mean_validate:             0.0727127
bfs  stddev_validate:           0.000881743
