graph_generation:               3.017305 s
construction_time:              0.389006 s
Running BFS 0
Time for BFS 0 is 0.036507
TEPS for BFS 0 is 4.59518e+08
Validating BFS 0
Validate time for BFS 0 is 0.290743
Running BFS 1
Time for BFS 1 is 0.039824
TEPS for BFS 1 is 4.21246e+08
Validating BFS 1
Validate time for BFS 1 is 0.291764
Running BFS 2
Time for BFS 2 is 0.054442
TEPS for BFS 2 is 3.08139e+08
Validating BFS 2
Validate time for BFS 2 is 0.290347
Running BFS 3
Time for BFS 3 is 0.044010
TEPS for BFS 3 is 3.81184e+08
Validating BFS 3
Validate time for BFS 3 is 0.292598
Running BFS 4
Time for BFS 4 is 0.045200
TEPS for BFS 4 is 3.71146e+08
Validating BFS 4
Validate time for BFS 4 is 0.290289
Running BFS 5
Time for BFS 5 is 0.037671
TEPS for BFS 5 is 4.45322e+08
Validating BFS 5
Validate time for BFS 5 is 0.291525
Running BFS 6
Time for BFS 6 is 0.044743
TEPS for BFS 6 is 3.74941e+08
Validating BFS 6
Validate time for BFS 6 is 0.291724
Running BFS 7
Time for BFS 7 is 0.041695
TEPS for BFS 7 is 4.02345e+08
Validating BFS 7
Validate time for BFS 7 is 0.291310
Running BFS 8
Time for BFS 8 is 0.032543
TEPS for BFS 8 is 5.15493e+08
Validating BFS 8
Validate time for BFS 8 is 0.294699
Running BFS 9
Time for BFS 9 is 0.045826
TEPS for BFS 9 is 3.66079e+08
Validating BFS 9
Validate time for BFS 9 is 0.293289
Running BFS 10
Time for BFS 10 is 0.039927
TEPS for BFS 10 is 4.20158e+08
Validating BFS 10
Validate time for BFS 10 is 0.293279
Running BFS 11
Time for BFS 11 is 0.044708
TEPS for BFS 11 is 3.75229e+08
Validating BFS 11
Validate time for BFS 11 is 0.293300
Running BFS 12
Time for BFS 12 is 0.040890
TEPS for BFS 12 is 4.10267e+08
Validating BFS 12
Validate time for BFS 12 is 0.291757
Running BFS 13
Time for BFS 13 is 0.046591
TEPS for BFS 13 is 3.60062e+08
Validating BFS 13
Validate time for BFS 13 is 0.293989
Running BFS 14
Time for BFS 14 is 0.046044
TEPS for BFS 14 is 3.64343e+08
Validating BFS 14
Validate time for BFS 14 is 0.293969
Running BFS 15
Time for BFS 15 is 0.038481
TEPS for BFS 15 is 4.35955e+08
Validating BFS 15
Validate time for BFS 15 is 0.290742
Running BFS 16
Time for BFS 16 is 0.043966
TEPS for BFS 16 is 3.81566e+08
Validating BFS 16
Validate time for BFS 16 is 0.291774
Running BFS 17
Time for BFS 17 is 0.034510
TEPS for BFS 17 is 4.86108e+08
Validating BFS 17
Validate time for BFS 17 is 0.291078
Running BFS 18
Time for BFS 18 is 0.036509
TEPS for BFS 18 is 4.59495e+08
Validating BFS 18
Validate time for BFS 18 is 0.290950
Running BFS 19
Time for BFS 19 is 0.036622
TEPS for BFS 19 is 4.58084e+08
Validating BFS 19
Validate time for BFS 19 is 0.289373
Running BFS 20
Time for BFS 20 is 0.045453
TEPS for BFS 20 is 3.69083e+08
Validating BFS 20
Validate time for BFS 20 is 0.292016
Running BFS 21
Time for BFS 21 is 0.041742
TEPS for BFS 21 is 4.01891e+08
Validating BFS 21
Validate time for BFS 21 is 0.291282
Running BFS 22
Time for BFS 22 is 0.038279
TEPS for BFS 22 is 4.38246e+08
Validating BFS 22
Validate time for BFS 22 is 0.291663
Running BFS 23
Time for BFS 23 is 0.055009
TEPS for BFS 23 is 3.04966e+08
Validating BFS 23
Validate time for BFS 23 is 0.289551
Running BFS 24
Time for BFS 24 is 0.043849
TEPS for BFS 24 is 3.8258e+08
Validating BFS 24
Validate time for BFS 24 is 0.289874
Running BFS 25
Time for BFS 25 is 0.038146
TEPS for BFS 25 is 4.39774e+08
Validating BFS 25
Validate time for BFS 25 is 0.292018
Running BFS 26
Time for BFS 26 is 0.034902
TEPS for BFS 26 is 4.80661e+08
Validating BFS 26
Validate time for BFS 26 is 0.293299
Running BFS 27
Time for BFS 27 is 0.047333
TEPS for BFS 27 is 3.54419e+08
Validating BFS 27
Validate time for BFS 27 is 0.291239
Running BFS 28
Time for BFS 28 is 0.049541
TEPS for BFS 28 is 3.38625e+08
Validating BFS 28
Validate time for BFS 28 is 0.289081
Running BFS 29
Time for BFS 29 is 0.038572
TEPS for BFS 29 is 4.34925e+08
Validating BFS 29
Validate time for BFS 29 is 0.293417
Running BFS 30
Time for BFS 30 is 0.035306
TEPS for BFS 30 is 4.75161e+08
Validating BFS 30
Validate time for BFS 30 is 0.290249
Running BFS 31
Time for BFS 31 is 0.046243
TEPS for BFS 31 is 3.62777e+08
Validating BFS 31
Validate time for BFS 31 is 0.293701
Running BFS 32
Time for BFS 32 is 0.045816
TEPS for BFS 32 is 3.6616e+08
Validating BFS 32
Validate time for BFS 32 is 0.291907
Running BFS 33
Time for BFS 33 is 0.037033
TEPS for BFS 33 is 4.52996e+08
Validating BFS 33
Validate time for BFS 33 is 0.293537
Running BFS 34
Time for BFS 34 is 0.046305
TEPS for BFS 34 is 3.6229e+08
Validating BFS 34
Validate time for BFS 34 is 0.292381
Running BFS 35
Time for BFS 35 is 0.044404
TEPS for BFS 35 is 3.77803e+08
Validating BFS 35
Validate time for BFS 35 is 0.293530
Running BFS 36
Time for BFS 36 is 0.046126
TEPS for BFS 36 is 3.63697e+08
Validating BFS 36
Validate time for BFS 36 is 0.293213
Running BFS 37
Time for BFS 37 is 0.048424
TEPS for BFS 37 is 3.46439e+08
Validating BFS 37
Validate time for BFS 37 is 0.292368
Running BFS 38
Time for BFS 38 is 0.044640
TEPS for BFS 38 is 3.75799e+08
Validating BFS 38
Validate time for BFS 38 is 0.290662
Running BFS 39
Time for BFS 39 is 0.045781
TEPS for BFS 39 is 3.66436e+08
Validating BFS 39
Validate time for BFS 39 is 0.293710
Running BFS 40
Time for BFS 40 is 0.045765
TEPS for BFS 40 is 3.66564e+08
Validating BFS 40
Validate time for BFS 40 is 0.290076
Running BFS 41
Time for BFS 41 is 0.034752
TEPS for BFS 41 is 4.82731e+08
Validating BFS 41
Validate time for BFS 41 is 0.291287
Running BFS 42
Time for BFS 42 is 0.045908
TEPS for BFS 42 is 3.65423e+08
Validating BFS 42
Validate time for BFS 42 is 0.293069
Running BFS 43
Time for BFS 43 is 0.047760
TEPS for BFS 43 is 3.51253e+08
Validating BFS 43
Validate time for BFS 43 is 0.290483
Running BFS 44
Time for BFS 44 is 0.036870
TEPS for BFS 44 is 4.54997e+08
Validating BFS 44
Validate time for BFS 44 is 0.290238
Running BFS 45
Time for BFS 45 is 0.045192
TEPS for BFS 45 is 3.71215e+08
Validating BFS 45
Validate time for BFS 45 is 0.293597
Running BFS 46
Time for BFS 46 is 0.041346
TEPS for BFS 46 is 4.05746e+08
Validating BFS 46
Validate time for BFS 46 is 0.289993
Running BFS 47
Time for BFS 47 is 0.046280
TEPS for BFS 47 is 3.62483e+08
Validating BFS 47
Validate time for BFS 47 is 0.292008
Running BFS 48
Time for BFS 48 is 0.036509
TEPS for BFS 48 is 4.59503e+08
Validating BFS 48
Validate time for BFS 48 is 0.293797
Running BFS 49
Time for BFS 49 is 0.045911
TEPS for BFS 49 is 3.654e+08
Validating BFS 49
Validate time for BFS 49 is 0.292553
Running BFS 50
Time for BFS 50 is 0.045550
TEPS for BFS 50 is 3.68295e+08
Validating BFS 50
Validate time for BFS 50 is 0.292306
Running BFS 51
Time for BFS 51 is 0.034071
TEPS for BFS 51 is 4.92376e+08
Validating BFS 51
Validate time for BFS 51 is 0.292489
Running BFS 52
Time for BFS 52 is 0.034385
TEPS for BFS 52 is 4.87883e+08
Validating BFS 52
Validate time for BFS 52 is 0.293503
Running BFS 53
Time for BFS 53 is 0.044592
TEPS for BFS 53 is 3.76209e+08
Validating BFS 53
Validate time for BFS 53 is 0.289370
Running BFS 54
Time for BFS 54 is 0.036614
TEPS for BFS 54 is 4.58185e+08
Validating BFS 54
Validate time for BFS 54 is 0.291714
Running BFS 55
Time for BFS 55 is 0.046938
TEPS for BFS 55 is 3.57402e+08
Validating BFS 55
Validate time for BFS 55 is 0.294265
Running BFS 56
Time for BFS 56 is 0.047364
TEPS for BFS 56 is 3.54186e+08
Validating BFS 56
Validate time for BFS 56 is 0.294649
Running BFS 57
Time for BFS 57 is 0.036091
TEPS for BFS 57 is 4.64817e+08
Validating BFS 57
Validate time for BFS 57 is 0.291652
Running BFS 58
Time for BFS 58 is 0.038056
TEPS for BFS 58 is 4.4082e+08
Validating BFS 58
Validate time for BFS 58 is 0.290246
Running BFS 59
Time for BFS 59 is 0.034419
TEPS for BFS 59 is 4.87406e+08
Validating BFS 59
Validate time for BFS 59 is 0.291908
Running BFS 60
Time for BFS 60 is 0.046925
TEPS for BFS 60 is 3.57503e+08
Validating BFS 60
Validate time for BFS 60 is 0.292444
Running BFS 61
Time for BFS 61 is 0.039919
TEPS for BFS 61 is 4.20243e+08
Validating BFS 61
Validate time for BFS 61 is 0.290458
Running BFS 62
Time for BFS 62 is 0.035850
TEPS for BFS 62 is 4.67947e+08
Validating BFS 62
Validate time for BFS 62 is 0.293262
Running BFS 63
Time for BFS 63 is 0.045165
TEPS for BFS 63 is 3.71438e+08
Validating BFS 63
Validate time for BFS 63 is 0.292753
SCALE:                          20
edgefactor:                     16
NBFS:                           64
graph_generation:               3.01731
num_mpi_processes:              4
construction_time:              0.389006
bfs  min_time:                  0.0325433
bfs  firstquartile_time:        0.0369516
bfs  median_time:               0.0439878
bfs  thirdquartile_time:        0.0459094
bfs  max_time:                  0.0550089
bfs  mean_time:                 0.0421226
bfs  stddev_time:               0.00520141
min_nedge:                      16775818
firstquartile_nedge:            16775818
median_nedge:                   16775818
thirdquartile_nedge:            16775818
max_nedge:                      16775818
mean_nedge:                     16775818
stddev_nedge:                   0
bfs  min_TEPS:                  3.04966e+08
bfs  firstquartile_TEPS:        3.65411e+08
bfs  median_TEPS:               3.81375e+08
bfs  thirdquartile_TEPS:        4.53995e+08
bfs  max_TEPS:                  5.15493e+08
bfs  harmonic_mean_TEPS:     !  3.98262e+08
bfs  harmonic_stddev_TEPS:      6.1959e+06
bfs  min_validate:              0.289081
bfs  firstquartile_validate:    0.290743
bfs  median_validate:           0.291907
bfs  thirdquartile_validate:    0.293284
bfs  max_validate:              0.294699
bfs  mean_validate:             0.291958
bfs  stddev_validate:           0.00143982
