graph_generation:               6.037021 s
construction_time:              0.671759 s
Running BFS 0
Time for BFS 0 is 0.140259
TEPS for BFS 0 is 1.19606e+08
Validating BFS 0
Validate time for BFS 0 is 0.650228
Running BFS 1
Time for BFS 1 is 0.153287
TEPS for BFS 1 is 1.09441e+08
Validating BFS 1
Validate time for BFS 1 is 0.650487
Running BFS 2
Time for BFS 2 is 0.211620
TEPS for BFS 2 is 7.92734e+07
Validating BFS 2
Validate time for BFS 2 is 0.648330
Running BFS 3
Time for BFS 3 is 0.169163
TEPS for BFS 3 is 9.91694e+07
Validating BFS 3
Validate time for BFS 3 is 0.646876
Running BFS 4
Time for BFS 4 is 0.173970
TEPS for BFS 4 is 9.64294e+07
Validating BFS 4
Validate time for BFS 4 is 0.648797
Running BFS 5
Time for BFS 5 is 0.144767
TEPS for BFS 5 is 1.15882e+08
Validating BFS 5
Validate time for BFS 5 is 0.652188
Running BFS 6
Time for BFS 6 is 0.171984
TEPS for BFS 6 is 9.7543e+07
Validating BFS 6
Validate time for BFS 6 is 0.648044
Running BFS 7
Time for BFS 7 is 0.160920
TEPS for BFS 7 is 1.04249e+08
Validating BFS 7
Validate time for BFS 7 is 0.647809
Running BFS 8
Time for BFS 8 is 0.124129
TEPS for BFS 8 is 1.35148e+08
Validating BFS 8
Validate time for BFS 8 is 0.649196
Running BFS 9
Time for BFS 9 is 0.177258
TEPS for BFS 9 is 9.46405e+07
Validating BFS 9
Validate time for BFS 9 is 0.646466
Running BFS 10
Time for BFS 10 is 0.153605
TEPS for BFS 10 is 1.09214e+08
Validating BFS 10
Validate time for BFS 10 is 0.649451
Running BFS 11
Time for BFS 11 is 0.171443
TEPS for BFS 11 is 9.78505e+07
Validating BFS 11
Validate time for BFS 11 is 0.645639
Running BFS 12
Time for BFS 12 is 0.158023
TEPS for BFS 12 is 1.06161e+08
Validating BFS 12
Validate time for BFS 12 is 0.648334
Running BFS 13
Time for BFS 13 is 0.178786
TEPS for BFS 13 is 9.3832e+07
Validating BFS 13
Validate time for BFS 13 is 0.650643
Running BFS 14
Time for BFS 14 is 0.178050
TEPS for BFS 14 is 9.42199e+07
Validating BFS 14
Validate time for BFS 14 is 0.644379
Running BFS 15
Time for BFS 15 is 0.147966
TEPS for BFS 15 is 1.13376e+08
Validating BFS 15
Validate time for BFS 15 is 0.649056
Running BFS 16
Time for BFS 16 is 0.169599
TEPS for BFS 16 is 9.89146e+07
Validating BFS 16
Validate time for BFS 16 is 0.646081
Running BFS 17
Time for BFS 17 is 0.133156
TEPS for BFS 17 is 1.25986e+08
Validating BFS 17
Validate time for BFS 17 is 0.652370
Running BFS 18
Time for BFS 18 is 0.140131
TEPS for BFS 18 is 1.19715e+08
Validating BFS 18
Validate time for BFS 18 is 0.651443
Running BFS 19
Time for BFS 19 is 0.140642
TEPS for BFS 19 is 1.1928e+08
Validating BFS 19
Validate time for BFS 19 is 0.648026
Running BFS 20
Time for BFS 20 is 0.175776
TEPS for BFS 20 is 9.54387e+07
Validating BFS 20
Validate time for BFS 20 is 0.648384
Running BFS 21
Time for BFS 21 is 0.161220
TEPS for BFS 21 is 1.04055e+08
Validating BFS 21
Validate time for BFS 21 is 0.648631
Running BFS 22
Time for BFS 22 is 0.147681
TEPS for BFS 22 is 1.13595e+08
Validating BFS 22
Validate time for BFS 22 is 0.649738
Running BFS 23
Time for BFS 23 is 0.212355
TEPS for BFS 23 is 7.8999e+07
Validating BFS 23
Validate time for BFS 23 is 0.647141
Running BFS 24
Time for BFS 24 is 0.168702
TEPS for BFS 24 is 9.94407e+07
Validating BFS 24
Validate time for BFS 24 is 0.650019
Running BFS 25
Time for BFS 25 is 0.147081
TEPS for BFS 25 is 1.14058e+08
Validating BFS 25
Validate time for BFS 25 is 0.648998
Running BFS 26
Time for BFS 26 is 0.133877
TEPS for BFS 26 is 1.25307e+08
Validating BFS 26
Validate time for BFS 26 is 0.652873
Running BFS 27
Time for BFS 27 is 0.182588
TEPS for BFS 27 is 9.18781e+07
Validating BFS 27
Validate time for BFS 27 is 0.652348
Running BFS 28
Time for BFS 28 is 0.191763
TEPS for BFS 28 is 8.74819e+07
Validating BFS 28
Validate time for BFS 28 is 0.652456
Running BFS 29
Time for BFS 29 is 0.148436
TEPS for BFS 29 is 1.13017e+08
Validating BFS 29
Validate time for BFS 29 is 0.652846
Running BFS 30
Time for BFS 30 is 0.135633
TEPS for BFS 30 is 1.23685e+08
Validating BFS 30
Validate time for BFS 30 is 0.646845
Running BFS 31
Time for BFS 31 is 0.177857
TEPS for BFS 31 is 9.4322e+07
Validating BFS 31
Validate time for BFS 31 is 0.649189
Running BFS 32
Time for BFS 32 is 0.177025
TEPS for BFS 32 is 9.47654e+07
Validating BFS 32
Validate time for BFS 32 is 0.652790
Running BFS 33
Time for BFS 33 is 0.142330
TEPS for BFS 33 is 1.17865e+08
Validating BFS 33
Validate time for BFS 33 is 0.649368
Running BFS 34
Time for BFS 34 is 0.177721
TEPS for BFS 34 is 9.43939e+07
Validating BFS 34
Validate time for BFS 34 is 0.650209
Running BFS 35
Time for BFS 35 is 0.172067
TEPS for BFS 35 is 9.74958e+07
Validating BFS 35
Validate time for BFS 35 is 0.646466
Running BFS 36
Time for BFS 36 is 0.178482
TEPS for BFS 36 is 9.39917e+07
Validating BFS 36
Validate time for BFS 36 is 0.647841
Running BFS 37
Time for BFS 37 is 0.186572
TEPS for BFS 37 is 8.99162e+07
Validating BFS 37
Validate time for BFS 37 is 0.649197
Running BFS 38
Time for BFS 38 is 0.172640
TEPS for BFS 38 is 9.71725e+07
Validating BFS 38
Validate time for BFS 38 is 0.645267
Running BFS 39
Time for BFS 39 is 0.176795
TEPS for BFS 39 is 9.48888e+07
Validating BFS 39
Validate time for BFS 39 is 0.649078
Running BFS 40
Time for BFS 40 is 0.176936
TEPS for BFS 40 is 9.48129e+07
Validating BFS 40
Validate time for BFS 40 is 0.654840
Running BFS 41
Time for BFS 41 is 0.133692
TEPS for BFS 41 is 1.25481e+08
Validating BFS 41
Validate time for BFS 41 is 0.653673
Running BFS 42
Time for BFS 42 is 0.177521
TEPS for BFS 42 is 9.45003e+07
Validating BFS 42
Validate time for BFS 42 is 0.648926
Running BFS 43
Time for BFS 43 is 0.185187
TEPS for BFS 43 is 9.05886e+07
Validating BFS 43
Validate time for BFS 43 is 0.654114
Running BFS 44
Time for BFS 44 is 0.141591
TEPS for BFS 44 is 1.1848e+08
Validating BFS 44
Validate time for BFS 44 is 0.649727
Running BFS 45
Time for BFS 45 is 0.174444
TEPS for BFS 45 is 9.61674e+07
Validating BFS 45
Validate time for BFS 45 is 0.649316
Running BFS 46
Time for BFS 46 is 0.159723
TEPS for BFS 46 is 1.05031e+08
Validating BFS 46
Validate time for BFS 46 is 0.649071
Running BFS 47
Time for BFS 47 is 0.178451
TEPS for BFS 47 is 9.40078e+07
Validating BFS 47
Validate time for BFS 47 is 0.649051
Running BFS 48
Time for BFS 48 is 0.140104
TEPS for BFS 48 is 1.19738e+08
Validating BFS 48
Validate time for BFS 48 is 0.648567
Running BFS 49
Time for BFS 49 is 0.177431
TEPS for BFS 49 is 9.45484e+07
Validating BFS 49
Validate time for BFS 49 is 0.648455
Running BFS 50
Time for BFS 50 is 0.176297
TEPS for BFS 50 is 9.51567e+07
Validating BFS 50
Validate time for BFS 50 is 0.648900
Running BFS 51
Time for BFS 51 is 0.131252
TEPS for BFS 51 is 1.27814e+08
Validating BFS 51
Validate time for BFS 51 is 0.653587
Running BFS 52
Time for BFS 52 is 0.131945
TEPS for BFS 52 is 1.27142e+08
Validating BFS 52
Validate time for BFS 52 is 0.649251
Running BFS 53
Time for BFS 53 is 0.172056
TEPS for BFS 53 is 9.75021e+07
Validating BFS 53
Validate time for BFS 53 is 0.646322
Running BFS 54
Time for BFS 54 is 0.140584
TEPS for BFS 54 is 1.1933e+08
Validating BFS 54
Validate time for BFS 54 is 0.648892
Running BFS 55
Time for BFS 55 is 0.181425
TEPS for BFS 55 is 9.2467e+07
Validating BFS 55
Validate time for BFS 55 is 0.647141
Running BFS 56
Time for BFS 56 is 0.182706
TEPS for BFS 56 is 9.18187e+07
Validating BFS 56
Validate time for BFS 56 is 0.655058
Running BFS 57
Time for BFS 57 is 0.137450
TEPS for BFS 57 is 1.2205e+08
Validating BFS 57
Validate time for BFS 57 is 0.648705
Running BFS 58
Time for BFS 58 is 0.146715
TEPS for BFS 58 is 1.14343e+08
Validating BFS 58
Validate time for BFS 58 is 0.651254
Running BFS 59
Time for BFS 59 is 0.132416
TEPS for BFS 59 is 1.2669e+08
Validating BFS 59
Validate time for BFS 59 is 0.649961
Running BFS 60
Time for BFS 60 is 0.180961
TEPS for BFS 60 is 9.2704e+07
Validating BFS 60
Validate time for BFS 60 is 0.653533
Running BFS 61
Time for BFS 61 is 0.153697
TEPS for BFS 61 is 1.09149e+08
Validating BFS 61
Validate time for BFS 61 is 0.648064
Running BFS 62
Time for BFS 62 is 0.137964
TEPS for BFS 62 is 1.21596e+08
Validating BFS 62
Validate time for BFS 62 is 0.652373
Running BFS 63
Time for BFS 63 is 0.174432
TEPS for BFS 63 is 9.61739e+07
Validating BFS 63
Validate time for BFS 63 is 0.646294
SCALE:                          20
edgefactor:                     16
NBFS:                           64
graph_generation:               6.03702
num_mpi_processes:              1
construction_time:              0.671759
bfs  min_time:                  0.124129
bfs  firstquartile_time:        0.141961
bfs  median_time:               0.169381
bfs  thirdquartile_time:        0.177476
bfs  max_time:                  0.212355
bfs  mean_time:                 0.162349
bfs  stddev_time:               0.0204146
min_nedge:                      16775818
firstquartile_nedge:            16775818
median_nedge:                   16775818
thirdquartile_nedge:            16775818
max_nedge:                      16775818
mean_nedge:                     16775818
stddev_nedge:                   0
bfs  min_TEPS:                  7.8999e+07
bfs  firstquartile_TEPS:        9.45244e+07
bfs  median_TEPS:               9.90418e+07
bfs  thirdquartile_TEPS:        1.18172e+08
bfs  max_TEPS:                  1.35148e+08
bfs  harmonic_mean_TEPS:     !  1.03332e+08
bfs  harmonic_stddev_TEPS:      1.63702e+06
bfs  min_validate:              0.644379
bfs  firstquartile_validate:    0.648054
bfs  median_validate:           0.649075
bfs  thirdquartile_validate:    0.650949
bfs  max_validate:              0.655058
bfs  mean_validate:             0.649509
bfs  stddev_validate:           0.00243209
