graph_generation:               3.019710 s
construction_time:              0.626941 s
Running BFS 0
Time for BFS 0 is 0.010003
TEPS for BFS 0 is 1.67707e+09
Validating BFS 0
Validate time for BFS 0 is 0.166154
Running BFS 1
Time for BFS 1 is 0.010872
TEPS for BFS 1 is 1.54303e+09
Validating BFS 1
Validate time for BFS 1 is 0.167022
Running BFS 2
Time for BFS 2 is 0.014808
TEPS for BFS 2 is 1.13286e+09
Validating BFS 2
Validate time for BFS 2 is 0.165494
Running BFS 3
Time for BFS 3 is 0.011867
TEPS for BFS 3 is 1.41365e+09
Validating BFS 3
Validate time for BFS 3 is 0.165921
Running BFS 4
Time for BFS 4 is 0.012141
TEPS for BFS 4 is 1.38179e+09
Validating BFS 4
Validate time for BFS 4 is 0.165759
Running BFS 5
Time for BFS 5 is 0.010233
TEPS for BFS 5 is 1.63941e+09
Validating BFS 5
Validate time for BFS 5 is 0.166230
Running BFS 6
Time for BFS 6 is 0.012012
TEPS for BFS 6 is 1.3966e+09
Validating BFS 6
Validate time for BFS 6 is 0.166097
Running BFS 7
Time for BFS 7 is 0.011343
TEPS for BFS 7 is 1.47889e+09
Validating BFS 7
Validate time for BFS 7 is 0.166076
Running BFS 8
Time for BFS 8 is 0.008881
TEPS for BFS 8 is 1.88893e+09
Validating BFS 8
Validate time for BFS 8 is 0.167901
Running BFS 9
Time for BFS 9 is 0.012488
TEPS for BFS 9 is 1.34331e+09
Validating BFS 9
Validate time for BFS 9 is 0.166675
Running BFS 10
Time for BFS 10 is 0.010859
TEPS for BFS 10 is 1.54481e+09
Validating BFS 10
Validate time for BFS 10 is 0.166232
Running BFS 11
Time for BFS 11 is 0.012015
TEPS for BFS 11 is 1.39622e+09
Validating BFS 11
Validate time for BFS 11 is 0.167509
Running BFS 12
Time for BFS 12 is 0.011112
TEPS for BFS 12 is 1.50964e+09
Validating BFS 12
Validate time for BFS 12 is 0.166839
Running BFS 13
Time for BFS 13 is 0.012557
TEPS for BFS 13 is 1.33598e+09
Validating BFS 13
Validate time for BFS 13 is 0.166496
Running BFS 14
Time for BFS 14 is 0.012463
TEPS for BFS 14 is 1.34605e+09
Validating BFS 14
Validate time for BFS 14 is 0.167761
Running BFS 15
Time for BFS 15 is 0.010577
TEPS for BFS 15 is 1.58608e+09
Validating BFS 15
Validate time for BFS 15 is 0.167068
Running BFS 16
Time for BFS 16 is 0.011903
TEPS for BFS 16 is 1.40937e+09
Validating BFS 16
Validate time for BFS 16 is 0.166097
Running BFS 17
Time for BFS 17 is 0.009567
TEPS for BFS 17 is 1.75351e+09
Validating BFS 17
Validate time for BFS 17 is 0.165944
Running BFS 18
Time for BFS 18 is 0.009948
TEPS for BFS 18 is 1.68631e+09
Validating BFS 18
Validate time for BFS 18 is 0.167687
Running BFS 19
Time for BFS 19 is 0.010170
TEPS for BFS 19 is 1.64953e+09
Validating BFS 19
Validate time for BFS 19 is 0.166257
Running BFS 20
Time for BFS 20 is 0.012383
TEPS for BFS 20 is 1.35472e+09
Validating BFS 20
Validate time for BFS 20 is 0.167078
Running BFS 21
Time for BFS 21 is 0.011337
TEPS for BFS 21 is 1.47968e+09
Validating BFS 21
Validate time for BFS 21 is 0.167199
Running BFS 22
Time for BFS 22 is 0.010408
TEPS for BFS 22 is 1.61176e+09
Validating BFS 22
Validate time for BFS 22 is 0.165932
Running BFS 23
Time for BFS 23 is 0.014998
TEPS for BFS 23 is 1.11852e+09
Validating BFS 23
Validate time for BFS 23 is 0.167379
Running BFS 24
Time for BFS 24 is 0.011823
TEPS for BFS 24 is 1.41891e+09
Validating BFS 24
Validate time for BFS 24 is 0.165797
Running BFS 25
Time for BFS 25 is 0.010533
TEPS for BFS 25 is 1.59271e+09
Validating BFS 25
Validate time for BFS 25 is 0.166683
Running BFS 26
Time for BFS 26 is 0.009606
TEPS for BFS 26 is 1.74636e+09
Validating BFS 26
Validate time for BFS 26 is 0.167576
Running BFS 27
Time for BFS 27 is 0.012963
TEPS for BFS 27 is 1.2941e+09
Validating BFS 27
Validate time for BFS 27 is 0.168818
Running BFS 28
Time for BFS 28 is 0.013501
TEPS for BFS 28 is 1.24255e+09
Validating BFS 28
Validate time for BFS 28 is 0.166928
Running BFS 29
Time for BFS 29 is 0.010599
TEPS for BFS 29 is 1.58282e+09
Validating BFS 29
Validate time for BFS 29 is 0.168160
Running BFS 30
Time for BFS 30 is 0.009736
TEPS for BFS 30 is 1.72304e+09
Validating BFS 30
Validate time for BFS 30 is 0.168639
Running BFS 31
Time for BFS 31 is 0.012592
TEPS for BFS 31 is 1.33226e+09
Validating BFS 31
Validate time for BFS 31 is 0.166101
Running BFS 32
Time for BFS 32 is 0.012450
TEPS for BFS 32 is 1.34748e+09
Validating BFS 32
Validate time for BFS 32 is 0.169406
Running BFS 33
Time for BFS 33 is 0.010109
TEPS for BFS 33 is 1.65944e+09
Validating BFS 33
Validate time for BFS 33 is 0.166539
Running BFS 34
Time for BFS 34 is 0.012606
TEPS for BFS 34 is 1.33076e+09
Validating BFS 34
Validate time for BFS 34 is 0.167943
Running BFS 35
Time for BFS 35 is 0.012041
TEPS for BFS 35 is 1.39321e+09
Validating BFS 35
Validate time for BFS 35 is 0.167183
Running BFS 36
Time for BFS 36 is 0.012549
TEPS for BFS 36 is 1.33685e+09
Validating BFS 36
Validate time for BFS 36 is 0.167231
Running BFS 37
Time for BFS 37 is 0.013179
TEPS for BFS 37 is 1.27293e+09
Validating BFS 37
Validate time for BFS 37 is 0.166831
Running BFS 38
Time for BFS 38 is 0.012137
TEPS for BFS 38 is 1.38217e+09
Validating BFS 38
Validate time for BFS 38 is 0.166680
Running BFS 39
Time for BFS 39 is 0.012454
TEPS for BFS 39 is 1.34697e+09
Validating BFS 39
Validate time for BFS 39 is 0.166122
Running BFS 40
Time for BFS 40 is 0.012400
TEPS for BFS 40 is 1.35288e+09
Validating BFS 40
Validate time for BFS 40 is 0.167001
Running BFS 41
Time for BFS 41 is 0.009595
TEPS for BFS 41 is 1.74835e+09
Validating BFS 41
Validate time for BFS 41 is 0.166447
Running BFS 42
Time for BFS 42 is 0.012486
TEPS for BFS 42 is 1.34355e+09
Validating BFS 42
Validate time for BFS 42 is 0.166643
Running BFS 43
Time for BFS 43 is 0.013044
TEPS for BFS 43 is 1.28609e+09
Validating BFS 43
Validate time for BFS 43 is 0.170722
Running BFS 44
Time for BFS 44 is 0.010078
TEPS for BFS 44 is 1.66461e+09
Validating BFS 44
Validate time for BFS 44 is 0.168831
Running BFS 45
Time for BFS 45 is 0.012220
TEPS for BFS 45 is 1.37281e+09
Validating BFS 45
Validate time for BFS 45 is 0.166210
Running BFS 46
Time for BFS 46 is 0.011335
TEPS for BFS 46 is 1.47997e+09
Validating BFS 46
Validate time for BFS 46 is 0.166781
Running BFS 47
Time for BFS 47 is 0.012589
TEPS for BFS 47 is 1.33262e+09
Validating BFS 47
Validate time for BFS 47 is 0.168144
Running BFS 48
Time for BFS 48 is 0.009926
TEPS for BFS 48 is 1.69013e+09
Validating BFS 48
Validate time for BFS 48 is 0.166123
Running BFS 49
Time for BFS 49 is 0.012483
TEPS for BFS 49 is 1.3439e+09
Validating BFS 49
Validate time for BFS 49 is 0.166300
Running BFS 50
Time for BFS 50 is 0.012342
TEPS for BFS 50 is 1.35922e+09
Validating BFS 50
Validate time for BFS 50 is 0.167051
Running BFS 51
Time for BFS 51 is 0.009455
TEPS for BFS 51 is 1.77425e+09
Validating BFS 51
Validate time for BFS 51 is 0.167305
Running BFS 52
Time for BFS 52 is 0.009520
TEPS for BFS 52 is 1.76223e+09
Validating BFS 52
Validate time for BFS 52 is 0.167080
Running BFS 53
Time for BFS 53 is 0.012062
TEPS for BFS 53 is 1.39076e+09
Validating BFS 53
Validate time for BFS 53 is 0.167101
Running BFS 54
Time for BFS 54 is 0.009982
TEPS for BFS 54 is 1.68068e+09
Validating BFS 54
Validate time for BFS 54 is 0.167093
Running BFS 55
Time for BFS 55 is 0.012808
TEPS for BFS 55 is 1.30978e+09
Validating BFS 55
Validate time for BFS 55 is 0.168627
Running BFS 56
Time for BFS 56 is 0.012865
TEPS for BFS 56 is 1.30402e+09
Validating BFS 56
Validate time for BFS 56 is 0.168989
Running BFS 57
Time for BFS 57 is 0.009849
TEPS for BFS 57 is 1.70324e+09
Validating BFS 57
Validate time for BFS 57 is 0.167253
Running BFS 58
Time for BFS 58 is 0.010370
TEPS for BFS 58 is 1.61778e+09
Validating BFS 58
Validate time for BFS 58 is 0.166289
Running BFS 59
Time for BFS 59 is 0.009517
TEPS for BFS 59 is 1.76265e+09
Validating BFS 59
Validate time for BFS 59 is 0.166711
Running BFS 60
Time for BFS 60 is 0.012774
TEPS for BFS 60 is 1.31328e+09
Validating BFS 60
Validate time for BFS 60 is 0.167827
Running BFS 61
Time for BFS 61 is 0.010926
TEPS for BFS 61 is 1.53544e+09
Validating BFS 61
Validate time for BFS 61 is 0.167032
Running BFS 62
Time for BFS 62 is 0.009829
TEPS for BFS 62 is 1.70679e+09
Validating BFS 62
Validate time for BFS 62 is 0.166467
Running BFS 63
Time for BFS 63 is 0.012236
TEPS for BFS 63 is 1.37099e+09
Validating BFS 63
Validate time for BFS 63 is 0.166376
SCALE:                          20
edgefactor:                     16
NBFS:                           64
graph_generation:               3.01971
num_mpi_processes:              16
construction_time:              0.626941
bfs  min_time:                  0.00888114
bfs  firstquartile_time:        0.0101397
bfs  median_time:               0.0118851
bfs  thirdquartile_time:        0.0124846
bfs  max_time:                  0.0149982
bfs  mean_time:                 0.0114769
bfs  stddev_time:               0.00137177
min_nedge:                      16775818
firstquartile_nedge:            16775818
median_nedge:                   16775818
thirdquartile_nedge:            16775818
max_nedge:                      16775818
mean_nedge:                     16775818
stddev_nedge:                   0
bfs  min_TEPS:                  1.11852e+09
bfs  firstquartile_TEPS:        1.34373e+09
bfs  median_TEPS:               1.4115e+09
bfs  thirdquartile_TEPS:        1.65447e+09
bfs  max_TEPS:                  1.88893e+09
bfs  harmonic_mean_TEPS:     !  1.46171e+09
bfs  harmonic_stddev_TEPS:      2.20115e+07
bfs  min_validate:              0.165494
bfs  firstquartile_validate:    0.166244
bfs  median_validate:           0.166884
bfs  thirdquartile_validate:    0.167444
bfs  max_validate:              0.170722
bfs  mean_validate:             0.167029
bfs  stddev_validate:           0.000994707
