graph_generation:               3.017813 s
construction_time:              0.627735 s
Running BFS 0
Time for BFS 0 is 0.010033
TEPS for BFS 0 is 1.67212e+09
Validating BFS 0
Validate time for BFS 0 is 0.162714
Running BFS 1
Time for BFS 1 is 0.010908
TEPS for BFS 1 is 1.53791e+09
Validating BFS 1
Validate time for BFS 1 is 0.159528
Running BFS 2
Time for BFS 2 is 0.014842
TEPS for BFS 2 is 1.13029e+09
Validating BFS 2
Validate time for BFS 2 is 0.160048
Running BFS 3
Time for BFS 3 is 0.011913
TEPS for BFS 3 is 1.40823e+09
Validating BFS 3
Validate time for BFS 3 is 0.161901
Running BFS 4
Time for BFS 4 is 0.012191
TEPS for BFS 4 is 1.37611e+09
Validating BFS 4
Validate time for BFS 4 is 0.161062
Running BFS 5
Time for BFS 5 is 0.010242
TEPS for BFS 5 is 1.63797e+09
Validating BFS 5
Validate time for BFS 5 is 0.160614
Running BFS 6
Time for BFS 6 is 0.012108
TEPS for BFS 6 is 1.3855e+09
Validating BFS 6
Validate time for BFS 6 is 0.160318
Running BFS 7
Time for BFS 7 is 0.011360
TEPS for BFS 7 is 1.47671e+09
Validating BFS 7
Validate time for BFS 7 is 0.160591
Running BFS 8
Time for BFS 8 is 0.008909
TEPS for BFS 8 is 1.8831e+09
Validating BFS 8
Validate time for BFS 8 is 0.162142
Running BFS 9
Time for BFS 9 is 0.012397
TEPS for BFS 9 is 1.3532e+09
Validating BFS 9
Validate time for BFS 9 is 0.160205
Running BFS 10
Time for BFS 10 is 0.010867
TEPS for BFS 10 is 1.54372e+09
Validating BFS 10
Validate time for BFS 10 is 0.160648
Running BFS 11
Time for BFS 11 is 0.012039
TEPS for BFS 11 is 1.39348e+09
Validating BFS 11
Validate time for BFS 11 is 0.161157
Running BFS 12
Time for BFS 12 is 0.011146
TEPS for BFS 12 is 1.50511e+09
Validating BFS 12
Validate time for BFS 12 is 0.160628
Running BFS 13
Time for BFS 13 is 0.012649
TEPS for BFS 13 is 1.32626e+09
Validating BFS 13
Validate time for BFS 13 is 0.161226
Running BFS 14
Time for BFS 14 is 0.012562
TEPS for BFS 14 is 1.33541e+09
Validating BFS 14
Validate time for BFS 14 is 0.162055
Running BFS 15
Time for BFS 15 is 0.010541
TEPS for BFS 15 is 1.59145e+09
Validating BFS 15
Validate time for BFS 15 is 0.160850
Running BFS 16
Time for BFS 16 is 0.011906
TEPS for BFS 16 is 1.40899e+09
Validating BFS 16
Validate time for BFS 16 is 0.160605
Running BFS 17
Time for BFS 17 is 0.009551
TEPS for BFS 17 is 1.75642e+09
Validating BFS 17
Validate time for BFS 17 is 0.160787
Running BFS 18
Time for BFS 18 is 0.009976
TEPS for BFS 18 is 1.68162e+09
Validating BFS 18
Validate time for BFS 18 is 0.161767
Running BFS 19
Time for BFS 19 is 0.010148
TEPS for BFS 19 is 1.65306e+09
Validating BFS 19
Validate time for BFS 19 is 0.161038
Running BFS 20
Time for BFS 20 is 0.012441
TEPS for BFS 20 is 1.34848e+09
Validating BFS 20
Validate time for BFS 20 is 0.161517
Running BFS 21
Time for BFS 21 is 0.011359
TEPS for BFS 21 is 1.47689e+09
Validating BFS 21
Validate time for BFS 21 is 0.160434
Running BFS 22
Time for BFS 22 is 0.010414
TEPS for BFS 22 is 1.61084e+09
Validating BFS 22
Validate time for BFS 22 is 0.160835
Running BFS 23
Time for BFS 23 is 0.014906
TEPS for BFS 23 is 1.12546e+09
Validating BFS 23
Validate time for BFS 23 is 0.159539
Running BFS 24
Time for BFS 24 is 0.011882
TEPS for BFS 24 is 1.41191e+09
Validating BFS 24
Validate time for BFS 24 is 0.161381
Running BFS 25
Time for BFS 25 is 0.010540
TEPS for BFS 25 is 1.59169e+09
Validating BFS 25
Validate time for BFS 25 is 0.160202
Running BFS 26
Time for BFS 26 is 0.009626
TEPS for BFS 26 is 1.74268e+09
Validating BFS 26
Validate time for BFS 26 is 0.160952
Running BFS 27
Time for BFS 27 is 0.012954
TEPS for BFS 27 is 1.29503e+09
Validating BFS 27
Validate time for BFS 27 is 0.164783
Running BFS 28
Time for BFS 28 is 0.013588
TEPS for BFS 28 is 1.23463e+09
Validating BFS 28
Validate time for BFS 28 is 0.160863
Running BFS 29
Time for BFS 29 is 0.010619
TEPS for BFS 29 is 1.57978e+09
Validating BFS 29
Validate time for BFS 29 is 0.160610
Running BFS 30
Time for BFS 30 is 0.009760
TEPS for BFS 30 is 1.71882e+09
Validating BFS 30
Validate time for BFS 30 is 0.162640
Running BFS 31
Time for BFS 31 is 0.012557
TEPS for BFS 31 is 1.33598e+09
Validating BFS 31
Validate time for BFS 31 is 0.160754
Running BFS 32
Time for BFS 32 is 0.012483
TEPS for BFS 32 is 1.34391e+09
Validating BFS 32
Validate time for BFS 32 is 0.161849
Running BFS 33
Time for BFS 33 is 0.010075
TEPS for BFS 33 is 1.66512e+09
Validating BFS 33
Validate time for BFS 33 is 0.161654
Running BFS 34
Time for BFS 34 is 0.012533
TEPS for BFS 34 is 1.33856e+09
Validating BFS 34
Validate time for BFS 34 is 0.162703
Running BFS 35
Time for BFS 35 is 0.012024
TEPS for BFS 35 is 1.39519e+09
Validating BFS 35
Validate time for BFS 35 is 0.160883
Running BFS 36
Time for BFS 36 is 0.012532
TEPS for BFS 36 is 1.33867e+09
Validating BFS 36
Validate time for BFS 36 is 0.161322
Running BFS 37
Time for BFS 37 is 0.013165
TEPS for BFS 37 is 1.27425e+09
Validating BFS 37
Validate time for BFS 37 is 0.161427
Running BFS 38
Time for BFS 38 is 0.012053
TEPS for BFS 38 is 1.39181e+09
Validating BFS 38
Validate time for BFS 38 is 0.161471
Running BFS 39
Time for BFS 39 is 0.012441
TEPS for BFS 39 is 1.34844e+09
Validating BFS 39
Validate time for BFS 39 is 0.161615
Running BFS 40
Time for BFS 40 is 0.012434
TEPS for BFS 40 is 1.3492e+09
Validating BFS 40
Validate time for BFS 40 is 0.161280
Running BFS 41
Time for BFS 41 is 0.009617
TEPS for BFS 41 is 1.74441e+09
Validating BFS 41
Validate time for BFS 41 is 0.159424
Running BFS 42
Time for BFS 42 is 0.012482
TEPS for BFS 42 is 1.34397e+09
Validating BFS 42
Validate time for BFS 42 is 0.161928
Running BFS 43
Time for BFS 43 is 0.013014
TEPS for BFS 43 is 1.28901e+09
Validating BFS 43
Validate time for BFS 43 is 0.161895
Running BFS 44
Time for BFS 44 is 0.010069
TEPS for BFS 44 is 1.66603e+09
Validating BFS 44
Validate time for BFS 44 is 0.161618
Running BFS 45
Time for BFS 45 is 0.012242
TEPS for BFS 45 is 1.37033e+09
Validating BFS 45
Validate time for BFS 45 is 0.166195
Running BFS 46
Time for BFS 46 is 0.011330
TEPS for BFS 46 is 1.4806e+09
Validating BFS 46
Validate time for BFS 46 is 0.160901
Running BFS 47
Time for BFS 47 is 0.012554
TEPS for BFS 47 is 1.33629e+09
Validating BFS 47
Validate time for BFS 47 is 0.163614
Running BFS 48
Time for BFS 48 is 0.009981
TEPS for BFS 48 is 1.68077e+09
Validating BFS 48
Validate time for BFS 48 is 0.161836
Running BFS 49
Time for BFS 49 is 0.012488
TEPS for BFS 49 is 1.34339e+09
Validating BFS 49
Validate time for BFS 49 is 0.161990
Running BFS 50
Time for BFS 50 is 0.012381
TEPS for BFS 50 is 1.35497e+09
Validating BFS 50
Validate time for BFS 50 is 0.160518
Running BFS 51
Time for BFS 51 is 0.009467
TEPS for BFS 51 is 1.77199e+09
Validating BFS 51
Validate time for BFS 51 is 0.162317
Running BFS 52
Time for BFS 52 is 0.009504
TEPS for BFS 52 is 1.76509e+09
Validating BFS 52
Validate time for BFS 52 is 0.161051
Running BFS 53
Time for BFS 53 is 0.012078
TEPS for BFS 53 is 1.38895e+09
Validating BFS 53
Validate time for BFS 53 is 0.160257
Running BFS 54
Time for BFS 54 is 0.009982
TEPS for BFS 54 is 1.68064e+09
Validating BFS 54
Validate time for BFS 54 is 0.160961
Running BFS 55
Time for BFS 55 is 0.012795
TEPS for BFS 55 is 1.31108e+09
Validating BFS 55
Validate time for BFS 55 is 0.160860
Running BFS 56
Time for BFS 56 is 0.012912
TEPS for BFS 56 is 1.2992e+09
Validating BFS 56
Validate time for BFS 56 is 0.162247
Running BFS 57
Time for BFS 57 is 0.009825
TEPS for BFS 57 is 1.70751e+09
Validating BFS 57
Validate time for BFS 57 is 0.162136
Running BFS 58
Time for BFS 58 is 0.010376
TEPS for BFS 58 is 1.61684e+09
Validating BFS 58
Validate time for BFS 58 is 0.160423
Running BFS 59
Time for BFS 59 is 0.009534
TEPS for BFS 59 is 1.75967e+09
Validating BFS 59
Validate time for BFS 59 is 0.162204
Running BFS 60
Time for BFS 60 is 0.012799
TEPS for BFS 60 is 1.31069e+09
Validating BFS 60
Validate time for BFS 60 is 0.161856
Running BFS 61
Time for BFS 61 is 0.010909
TEPS for BFS 61 is 1.53773e+09
Validating BFS 61
Validate time for BFS 61 is 0.161624
Running BFS 62
Time for BFS 62 is 0.009852
TEPS for BFS 62 is 1.70281e+09
Validating BFS 62
Validate time for BFS 62 is 0.161409
Running BFS 63
Time for BFS 63 is 0.012199
TEPS for BFS 63 is 1.37522e+09
Validating BFS 63
Validate time for BFS 63 is 0.161083
SCALE:                          20
edgefactor:                     16
NBFS:                           64
graph_generation:               3.01781
num_mpi_processes:              16
construction_time:              0.627735
bfs  min_time:                  0.00890862
bfs  firstquartile_time:        0.0101116
bfs  median_time:               0.0119095
bfs  thirdquartile_time:        0.0124853
bfs  max_time:                  0.0149058
bfs  mean_time:                 0.0114854
bfs  stddev_time:               0.00136971
min_nedge:                      16775818
firstquartile_nedge:            16775818
median_nedge:                   16775818
thirdquartile_nedge:            16775818
max_nedge:                      16775818
mean_nedge:                     16775818
stddev_nedge:                   0
bfs  min_TEPS:                  1.12546e+09
bfs  firstquartile_TEPS:        1.34365e+09
bfs  median_TEPS:               1.40861e+09
bfs  thirdquartile_TEPS:        1.65907e+09
bfs  max_TEPS:                  1.8831e+09
bfs  harmonic_mean_TEPS:     !  1.46062e+09
bfs  harmonic_stddev_TEPS:      2.19458e+07
bfs  min_validate:              0.159424
bfs  firstquartile_validate:    0.160638
bfs  median_validate:           0.161191
bfs  thirdquartile_validate:    0.161875
bfs  max_validate:              0.166195
bfs  mean_validate:             0.161358
bfs  stddev_validate:           0.00111182
