graph_generation:               3.001466 s
construction_time:              0.400432 s
Running BFS 0
Time for BFS 0 is 0.080439
TEPS for BFS 0 is 2.08554e+08
Validating BFS 0
Validate time for BFS 0 is 0.284588
Running BFS 1
Time for BFS 1 is 0.097264
TEPS for BFS 1 is 1.72478e+08
Validating BFS 1
Validate time for BFS 1 is 0.285071
Running BFS 2
Time for BFS 2 is 0.104438
TEPS for BFS 2 is 1.6063e+08
Validating BFS 2
Validate time for BFS 2 is 0.285847
Running BFS 3
Time for BFS 3 is 0.100148
TEPS for BFS 3 is 1.6751e+08
Validating BFS 3
Validate time for BFS 3 is 0.285853
Running BFS 4
Time for BFS 4 is 0.089163
TEPS for BFS 4 is 1.88148e+08
Validating BFS 4
Validate time for BFS 4 is 0.284748
Running BFS 5
Time for BFS 5 is 0.087617
TEPS for BFS 5 is 1.91467e+08
Validating BFS 5
Validate time for BFS 5 is 0.284771
Running BFS 6
Time for BFS 6 is 0.093358
TEPS for BFS 6 is 1.79694e+08
Validating BFS 6
Validate time for BFS 6 is 0.284738
Running BFS 7
Time for BFS 7 is 0.106279
TEPS for BFS 7 is 1.57846e+08
Validating BFS 7
Validate time for BFS 7 is 0.287169
Running BFS 8
Time for BFS 8 is 0.059316
TEPS for BFS 8 is 2.82823e+08
Validating BFS 8
Validate time for BFS 8 is 0.286270
Running BFS 9
Time for BFS 9 is 0.078322
TEPS for BFS 9 is 2.14189e+08
Validating BFS 9
Validate time for BFS 9 is 0.286408
Running BFS 10
Time for BFS 10 is 0.097530
TEPS for BFS 10 is 1.72007e+08
Validating BFS 10
Validate time for BFS 10 is 0.287317
Running BFS 11
Time for BFS 11 is 0.095500
TEPS for BFS 11 is 1.75663e+08
Validating BFS 11
Validate time for BFS 11 is 0.286346
Running BFS 12
Time for BFS 12 is 0.103938
TEPS for BFS 12 is 1.61402e+08
Validating BFS 12
Validate time for BFS 12 is 0.284139
Running BFS 13
Time for BFS 13 is 0.075268
TEPS for BFS 13 is 2.22882e+08
Validating BFS 13
Validate time for BFS 13 is 0.288284
Running BFS 14
Time for BFS 14 is 0.076378
TEPS for BFS 14 is 2.19641e+08
Validating BFS 14
Validate time for BFS 14 is 0.286868
Running BFS 15
Time for BFS 15 is 0.088723
TEPS for BFS 15 is 1.89082e+08
Validating BFS 15
Validate time for BFS 15 is 0.285404
Running BFS 16
Time for BFS 16 is 0.098885
TEPS for BFS 16 is 1.6965e+08
Validating BFS 16
Validate time for BFS 16 is 0.286486
Running BFS 17
Time for BFS 17 is 0.067374
TEPS for BFS 17 is 2.48994e+08
Validating BFS 17
Validate time for BFS 17 is 0.286554
Running BFS 18
Time for BFS 18 is 0.079820
TEPS for BFS 18 is 2.10172e+08
Validating BFS 18
Validate time for BFS 18 is 0.286217
Running BFS 19
Time for BFS 19 is 0.075884
TEPS for BFS 19 is 2.21073e+08
Validating BFS 19
Validate time for BFS 19 is 0.283949
Running BFS 20
Time for BFS 20 is 0.082716
TEPS for BFS 20 is 2.02812e+08
Validating BFS 20
Validate time for BFS 20 is 0.285811
Running BFS 21
Time for BFS 21 is 0.106710
TEPS for BFS 21 is 1.57209e+08
Validating BFS 21
Validate time for BFS 21 is 0.284739
Running BFS 22
Time for BFS 22 is 0.092404
TEPS for BFS 22 is 1.81549e+08
Validating BFS 22
Validate time for BFS 22 is 0.284992
Running BFS 23
Time for BFS 23 is 0.105711
TEPS for BFS 23 is 1.58696e+08
Validating BFS 23
Validate time for BFS 23 is 0.287488
Running BFS 24
Time for BFS 24 is 0.100238
TEPS for BFS 24 is 1.6736e+08
Validating BFS 24
Validate time for BFS 24 is 0.283951
Running BFS 25
Time for BFS 25 is 0.086559
TEPS for BFS 25 is 1.93808e+08
Validating BFS 25
Validate time for BFS 25 is 0.286020
Running BFS 26
Time for BFS 26 is 0.069334
TEPS for BFS 26 is 2.41958e+08
Validating BFS 26
Validate time for BFS 26 is 0.287237
Running BFS 27
Time for BFS 27 is 0.067100
TEPS for BFS 27 is 2.50012e+08
Validating BFS 27
Validate time for BFS 27 is 0.286521
Running BFS 28
Time for BFS 28 is 0.075479
TEPS for BFS 28 is 2.22258e+08
Validating BFS 28
Validate time for BFS 28 is 0.284325
Running BFS 29
Time for BFS 29 is 0.088731
TEPS for BFS 29 is 1.89064e+08
Validating BFS 29
Validate time for BFS 29 is 0.285834
Running BFS 30
Time for BFS 30 is 0.072784
TEPS for BFS 30 is 2.30488e+08
Validating BFS 30
Validate time for BFS 30 is 0.286750
Running BFS 31
Time for BFS 31 is 0.076316
TEPS for BFS 31 is 2.1982e+08
Validating BFS 31
Validate time for BFS 31 is 0.286393
Running BFS 32
Time for BFS 32 is 0.079242
TEPS for BFS 32 is 2.11702e+08
Validating BFS 32
Validate time for BFS 32 is 0.288374
Running BFS 33
Time for BFS 33 is 0.083715
TEPS for BFS 33 is 2.00392e+08
Validating BFS 33
Validate time for BFS 33 is 0.286713
Running BFS 34
Time for BFS 34 is 0.077194
TEPS for BFS 34 is 2.17322e+08
Validating BFS 34
Validate time for BFS 34 is 0.287425
Running BFS 35
Time for BFS 35 is 0.093739
TEPS for BFS 35 is 1.78962e+08
Validating BFS 35
Validate time for BFS 35 is 0.287741
Running BFS 36
Time for BFS 36 is 0.075599
TEPS for BFS 36 is 2.21906e+08
Validating BFS 36
Validate time for BFS 36 is 0.286389
Running BFS 37
Time for BFS 37 is 0.066373
TEPS for BFS 37 is 2.52751e+08
Validating BFS 37
Validate time for BFS 37 is 0.284150
Running BFS 38
Time for BFS 38 is 0.092001
TEPS for BFS 38 is 1.82343e+08
Validating BFS 38
Validate time for BFS 38 is 0.285246
Running BFS 39
Time for BFS 39 is 0.079672
TEPS for BFS 39 is 2.1056e+08
Validating BFS 39
Validate time for BFS 39 is 0.285749
Running BFS 40
Time for BFS 40 is 0.079437
TEPS for BFS 40 is 2.11185e+08
Validating BFS 40
Validate time for BFS 40 is 0.285555
Running BFS 41
Time for BFS 41 is 0.068159
TEPS for BFS 41 is 2.46128e+08
Validating BFS 41
Validate time for BFS 41 is 0.287850
Running BFS 42
Time for BFS 42 is 0.077454
TEPS for BFS 42 is 2.16591e+08
Validating BFS 42
Validate time for BFS 42 is 0.284887
Running BFS 43
Time for BFS 43 is 0.065754
TEPS for BFS 43 is 2.55129e+08
Validating BFS 43
Validate time for BFS 43 is 0.284033
Running BFS 44
Time for BFS 44 is 0.082883
TEPS for BFS 44 is 2.02404e+08
Validating BFS 44
Validate time for BFS 44 is 0.284623
Running BFS 45
Time for BFS 45 is 0.087044
TEPS for BFS 45 is 1.92728e+08
Validating BFS 45
Validate time for BFS 45 is 0.287924
Running BFS 46
Time for BFS 46 is 0.105237
TEPS for BFS 46 is 1.59409e+08
Validating BFS 46
Validate time for BFS 46 is 0.286733
Running BFS 47
Time for BFS 47 is 0.075925
TEPS for BFS 47 is 2.20953e+08
Validating BFS 47
Validate time for BFS 47 is 0.286210
Running BFS 48
Time for BFS 48 is 0.079929
TEPS for BFS 48 is 2.09884e+08
Validating BFS 48
Validate time for BFS 48 is 0.283974
Running BFS 49
Time for BFS 49 is 0.077819
TEPS for BFS 49 is 2.15573e+08
Validating BFS 49
Validate time for BFS 49 is 0.285679
Running BFS 50
Time for BFS 50 is 0.081867
TEPS for BFS 50 is 2.04916e+08
Validating BFS 50
Validate time for BFS 50 is 0.285013
Running BFS 51
Time for BFS 51 is 0.063877
TEPS for BFS 51 is 2.62626e+08
Validating BFS 51
Validate time for BFS 51 is 0.285969
Running BFS 52
Time for BFS 52 is 0.065440
TEPS for BFS 52 is 2.56354e+08
Validating BFS 52
Validate time for BFS 52 is 0.284249
Running BFS 53
Time for BFS 53 is 0.092899
TEPS for BFS 53 is 1.8058e+08
Validating BFS 53
Validate time for BFS 53 is 0.285065
Running BFS 54
Time for BFS 54 is 0.080710
TEPS for BFS 54 is 2.07854e+08
Validating BFS 54
Validate time for BFS 54 is 0.285788
Running BFS 55
Time for BFS 55 is 0.068692
TEPS for BFS 55 is 2.44217e+08
Validating BFS 55
Validate time for BFS 55 is 0.288346
Running BFS 56
Time for BFS 56 is 0.067039
TEPS for BFS 56 is 2.50239e+08
Validating BFS 56
Validate time for BFS 56 is 0.287468
Running BFS 57
Time for BFS 57 is 0.075251
TEPS for BFS 57 is 2.22933e+08
Validating BFS 57
Validate time for BFS 57 is 0.285756
Running BFS 58
Time for BFS 58 is 0.090662
TEPS for BFS 58 is 1.85036e+08
Validating BFS 58
Validate time for BFS 58 is 0.285680
Running BFS 59
Time for BFS 59 is 0.066263
TEPS for BFS 59 is 2.53171e+08
Validating BFS 59
Validate time for BFS 59 is 0.285786
Running BFS 60
Time for BFS 60 is 0.069317
TEPS for BFS 60 is 2.42014e+08
Validating BFS 60
Validate time for BFS 60 is 0.286559
Running BFS 61
Time for BFS 61 is 0.098084
TEPS for BFS 61 is 1.71035e+08
Validating BFS 61
Validate time for BFS 61 is 0.285794
Running BFS 62
Time for BFS 62 is 0.076162
TEPS for BFS 62 is 2.20264e+08
Validating BFS 62
Validate time for BFS 62 is 0.284463
Running BFS 63
Time for BFS 63 is 0.086436
TEPS for BFS 63 is 1.94085e+08
Validating BFS 63
Validate time for BFS 63 is 0.286420
SCALE:                          20
edgefactor:                     16
NBFS:                           64
graph_generation:               3.00147
num_mpi_processes:              4
construction_time:              0.400432
bfs  min_time:                  0.0593155
bfs  firstquartile_time:        0.0753733
bfs  median_time:               0.0801839
bfs  thirdquartile_time:        0.0926517
bfs  max_time:                  0.10671
bfs  mean_time:                 0.0829625
bfs  stddev_time:               0.0124494
min_nedge:                      16775818
firstquartile_nedge:            16775818
median_nedge:                   16775818
thirdquartile_nedge:            16775818
max_nedge:                      16775818
mean_nedge:                     16775818
stddev_nedge:                   0
bfs  min_TEPS:                  1.57209e+08
bfs  firstquartile_TEPS:        1.81063e+08
bfs  median_TEPS:               2.09217e+08
bfs  thirdquartile_TEPS:        2.2257e+08
bfs  max_TEPS:                  2.82823e+08
bfs  harmonic_mean_TEPS:     !  2.0221e+08
bfs  harmonic_stddev_TEPS:      3.82293e+06
bfs  min_validate:              0.283949
bfs  firstquartile_validate:    0.28494
bfs  median_validate:           0.28584
bfs  thirdquartile_validate:    0.286636
bfs  max_validate:              0.288374
bfs  mean_validate:             0.285917
bfs  stddev_validate:           0.00119406
