graph_generation:               3.001127 s
construction_time:              0.478484 s
Running BFS 0
Time for BFS 0 is 0.158069
TEPS for BFS 0 is 1.0613e+08
Validating BFS 0
Validate time for BFS 0 is 0.528093
Running BFS 1
Time for BFS 1 is 0.192651
TEPS for BFS 1 is 8.70787e+07
Validating BFS 1
Validate time for BFS 1 is 0.526771
Running BFS 2
Time for BFS 2 is 0.206414
TEPS for BFS 2 is 8.12726e+07
Validating BFS 2
Validate time for BFS 2 is 0.524204
Running BFS 3
Time for BFS 3 is 0.197529
TEPS for BFS 3 is 8.49285e+07
Validating BFS 3
Validate time for BFS 3 is 0.525976
Running BFS 4
Time for BFS 4 is 0.176133
TEPS for BFS 4 is 9.52451e+07
Validating BFS 4
Validate time for BFS 4 is 0.525670
Running BFS 5
Time for BFS 5 is 0.173166
TEPS for BFS 5 is 9.6877e+07
Validating BFS 5
Validate time for BFS 5 is 0.523450
Running BFS 6
Time for BFS 6 is 0.184443
TEPS for BFS 6 is 9.09542e+07
Validating BFS 6
Validate time for BFS 6 is 0.523938
Running BFS 7
Time for BFS 7 is 0.210524
TEPS for BFS 7 is 7.9686e+07
Validating BFS 7
Validate time for BFS 7 is 0.520997
Running BFS 8
Time for BFS 8 is 0.117600
TEPS for BFS 8 is 1.42651e+08
Validating BFS 8
Validate time for BFS 8 is 0.527425
Running BFS 9
Time for BFS 9 is 0.155141
TEPS for BFS 9 is 1.08133e+08
Validating BFS 9
Validate time for BFS 9 is 0.528676
Running BFS 10
Time for BFS 10 is 0.192816
TEPS for BFS 10 is 8.70044e+07
Validating BFS 10
Validate time for BFS 10 is 0.526949
Running BFS 11
Time for BFS 11 is 0.189021
TEPS for BFS 11 is 8.8751e+07
Validating BFS 11
Validate time for BFS 11 is 0.527424
Running BFS 12
Time for BFS 12 is 0.205375
TEPS for BFS 12 is 8.16839e+07
Validating BFS 12
Validate time for BFS 12 is 0.524810
Running BFS 13
Time for BFS 13 is 0.148705
TEPS for BFS 13 is 1.12813e+08
Validating BFS 13
Validate time for BFS 13 is 0.526552
Running BFS 14
Time for BFS 14 is 0.150236
TEPS for BFS 14 is 1.11663e+08
Validating BFS 14
Validate time for BFS 14 is 0.528113
Running BFS 15
Time for BFS 15 is 0.174730
TEPS for BFS 15 is 9.601e+07
Validating BFS 15
Validate time for BFS 15 is 0.526722
Running BFS 16
Time for BFS 16 is 0.195977
TEPS for BFS 16 is 8.5601e+07
Validating BFS 16
Validate time for BFS 16 is 0.526138
Running BFS 17
Time for BFS 17 is 0.133732
TEPS for BFS 17 is 1.25444e+08
Validating BFS 17
Validate time for BFS 17 is 0.522988
Running BFS 18
Time for BFS 18 is 0.157905
TEPS for BFS 18 is 1.0624e+08
Validating BFS 18
Validate time for BFS 18 is 0.525894
Running BFS 19
Time for BFS 19 is 0.149991
TEPS for BFS 19 is 1.11845e+08
Validating BFS 19
Validate time for BFS 19 is 0.526487
Running BFS 20
Time for BFS 20 is 0.162906
TEPS for BFS 20 is 1.02978e+08
Validating BFS 20
Validate time for BFS 20 is 0.525114
Running BFS 21
Time for BFS 21 is 0.210574
TEPS for BFS 21 is 7.96671e+07
Validating BFS 21
Validate time for BFS 21 is 0.526920
Running BFS 22
Time for BFS 22 is 0.183315
TEPS for BFS 22 is 9.15134e+07
Validating BFS 22
Validate time for BFS 22 is 0.526901
Running BFS 23
Time for BFS 23 is 0.209131
TEPS for BFS 23 is 8.02167e+07
Validating BFS 23
Validate time for BFS 23 is 0.526026
Running BFS 24
Time for BFS 24 is 0.198172
TEPS for BFS 24 is 8.46528e+07
Validating BFS 24
Validate time for BFS 24 is 0.528499
Running BFS 25
Time for BFS 25 is 0.172578
TEPS for BFS 25 is 9.7207e+07
Validating BFS 25
Validate time for BFS 25 is 0.525644
Running BFS 26
Time for BFS 26 is 0.136699
TEPS for BFS 26 is 1.22721e+08
Validating BFS 26
Validate time for BFS 26 is 0.524698
Running BFS 27
Time for BFS 27 is 0.132005
TEPS for BFS 27 is 1.27085e+08
Validating BFS 27
Validate time for BFS 27 is 0.528331
Running BFS 28
Time for BFS 28 is 0.147787
TEPS for BFS 28 is 1.13513e+08
Validating BFS 28
Validate time for BFS 28 is 0.528717
Running BFS 29
Time for BFS 29 is 0.176338
TEPS for BFS 29 is 9.51345e+07
Validating BFS 29
Validate time for BFS 29 is 0.526347
Running BFS 30
Time for BFS 30 is 0.144273
TEPS for BFS 30 is 1.16278e+08
Validating BFS 30
Validate time for BFS 30 is 0.525202
Running BFS 31
Time for BFS 31 is 0.150976
TEPS for BFS 31 is 1.11116e+08
Validating BFS 31
Validate time for BFS 31 is 0.526886
Running BFS 32
Time for BFS 32 is 0.156167
TEPS for BFS 32 is 1.07423e+08
Validating BFS 32
Validate time for BFS 32 is 0.527497
Running BFS 33
Time for BFS 33 is 0.165860
TEPS for BFS 33 is 1.01145e+08
Validating BFS 33
Validate time for BFS 33 is 0.528530
Running BFS 34
Time for BFS 34 is 0.152236
TEPS for BFS 34 is 1.10196e+08
Validating BFS 34
Validate time for BFS 34 is 0.529351
Running BFS 35
Time for BFS 35 is 0.184887
TEPS for BFS 35 is 9.07355e+07
Validating BFS 35
Validate time for BFS 35 is 0.525997
Running BFS 36
Time for BFS 36 is 0.148933
TEPS for BFS 36 is 1.1264e+08
Validating BFS 36
Validate time for BFS 36 is 0.527759
Running BFS 37
Time for BFS 37 is 0.130488
TEPS for BFS 37 is 1.28562e+08
Validating BFS 37
Validate time for BFS 37 is 0.527075
Running BFS 38
Time for BFS 38 is 0.181397
TEPS for BFS 38 is 9.2481e+07
Validating BFS 38
Validate time for BFS 38 is 0.528279
Running BFS 39
Time for BFS 39 is 0.157069
TEPS for BFS 39 is 1.06805e+08
Validating BFS 39
Validate time for BFS 39 is 0.528616
Running BFS 40
Time for BFS 40 is 0.158212
TEPS for BFS 40 is 1.06034e+08
Validating BFS 40
Validate time for BFS 40 is 0.528862
Running BFS 41
Time for BFS 41 is 0.133731
TEPS for BFS 41 is 1.25445e+08
Validating BFS 41
Validate time for BFS 41 is 0.522861
Running BFS 42
Time for BFS 42 is 0.152920
TEPS for BFS 42 is 1.09703e+08
Validating BFS 42
Validate time for BFS 42 is 0.526663
Running BFS 43
Time for BFS 43 is 0.129726
TEPS for BFS 43 is 1.29317e+08
Validating BFS 43
Validate time for BFS 43 is 0.527924
Running BFS 44
Time for BFS 44 is 0.164416
TEPS for BFS 44 is 1.02033e+08
Validating BFS 44
Validate time for BFS 44 is 0.524506
Running BFS 45
Time for BFS 45 is 0.171891
TEPS for BFS 45 is 9.75957e+07
Validating BFS 45
Validate time for BFS 45 is 0.527960
Running BFS 46
Time for BFS 46 is 0.209343
TEPS for BFS 46 is 8.01357e+07
Validating BFS 46
Validate time for BFS 46 is 0.525664
Running BFS 47
Time for BFS 47 is 0.149666
TEPS for BFS 47 is 1.12089e+08
Validating BFS 47
Validate time for BFS 47 is 0.528271
Running BFS 48
Time for BFS 48 is 0.158825
TEPS for BFS 48 is 1.05624e+08
Validating BFS 48
Validate time for BFS 48 is 0.527249
Running BFS 49
Time for BFS 49 is 0.153027
TEPS for BFS 49 is 1.09626e+08
Validating BFS 49
Validate time for BFS 49 is 0.526315
Running BFS 50
Time for BFS 50 is 0.163464
TEPS for BFS 50 is 1.02627e+08
Validating BFS 50
Validate time for BFS 50 is 0.524774
Running BFS 51
Time for BFS 51 is 0.126639
TEPS for BFS 51 is 1.3247e+08
Validating BFS 51
Validate time for BFS 51 is 0.526710
Running BFS 52
Time for BFS 52 is 0.130055
TEPS for BFS 52 is 1.2899e+08
Validating BFS 52
Validate time for BFS 52 is 0.523538
Running BFS 53
Time for BFS 53 is 0.184422
TEPS for BFS 53 is 9.09643e+07
Validating BFS 53
Validate time for BFS 53 is 0.525720
Running BFS 54
Time for BFS 54 is 0.160620
TEPS for BFS 54 is 1.04444e+08
Validating BFS 54
Validate time for BFS 54 is 0.524044
Running BFS 55
Time for BFS 55 is 0.136516
TEPS for BFS 55 is 1.22885e+08
Validating BFS 55
Validate time for BFS 55 is 0.527993
Running BFS 56
Time for BFS 56 is 0.133029
TEPS for BFS 56 is 1.26107e+08
Validating BFS 56
Validate time for BFS 56 is 0.529915
Running BFS 57
Time for BFS 57 is 0.148979
TEPS for BFS 57 is 1.12605e+08
Validating BFS 57
Validate time for BFS 57 is 0.527650
Running BFS 58
Time for BFS 58 is 0.182070
TEPS for BFS 58 is 9.21393e+07
Validating BFS 58
Validate time for BFS 58 is 0.524603
Running BFS 59
Time for BFS 59 is 0.129457
TEPS for BFS 59 is 1.29586e+08
Validating BFS 59
Validate time for BFS 59 is 0.526102
Running BFS 60
Time for BFS 60 is 0.137637
TEPS for BFS 60 is 1.21884e+08
Validating BFS 60
Validate time for BFS 60 is 0.527224
Running BFS 61
Time for BFS 61 is 0.196368
TEPS for BFS 61 is 8.54306e+07
Validating BFS 61
Validate time for BFS 61 is 0.528783
Running BFS 62
Time for BFS 62 is 0.151838
TEPS for BFS 62 is 1.10485e+08
Validating BFS 62
Validate time for BFS 62 is 0.525170
Running BFS 63
Time for BFS 63 is 0.171172
TEPS for BFS 63 is 9.80057e+07
Validating BFS 63
Validate time for BFS 63 is 0.526513
SCALE:                          20
edgefactor:                     16
NBFS:                           64
graph_generation:               3.00113
num_mpi_processes:              2
construction_time:              0.478484
bfs  min_time:                  0.1176
bfs  firstquartile_time:        0.148819
bfs  median_time:               0.158518
bfs  thirdquartile_time:        0.183869
bfs  max_time:                  0.210574
bfs  mean_time:                 0.164156
bfs  stddev_time:               0.0247859
min_nedge:                      16775818
firstquartile_nedge:            16775818
median_nedge:                   16775818
thirdquartile_nedge:            16775818
max_nedge:                      16775818
mean_nedge:                     16775818
stddev_nedge:                   0
bfs  min_TEPS:                  7.96671e+07
bfs  firstquartile_TEPS:        9.1238e+07
bfs  median_TEPS:               1.05829e+08
bfs  thirdquartile_TEPS:        1.12726e+08
bfs  max_TEPS:                  1.42651e+08
bfs  harmonic_mean_TEPS:     !  1.02194e+08
bfs  harmonic_stddev_TEPS:      1.94404e+06
bfs  min_validate:              0.520997
bfs  firstquartile_validate:    0.525423
bfs  median_validate:           0.526687
bfs  thirdquartile_validate:    0.527942
bfs  max_validate:              0.529915
bfs  mean_validate:             0.526479
bfs  stddev_validate:           0.00178144
