graph_generation:               3.003714 s
construction_time:              0.745111 s
Running BFS 0
Time for BFS 0 is 0.012747
TEPS for BFS 0 is 1.31605e+09
Validating BFS 0
Validate time for BFS 0 is 0.078155
Running BFS 1
Time for BFS 1 is 0.015000
TEPS for BFS 1 is 1.11836e+09
Validating BFS 1
Validate time for BFS 1 is 0.077991
Running BFS 2
Time for BFS 2 is 0.016198
TEPS for BFS 2 is 1.0357e+09
Validating BFS 2
Validate time for BFS 2 is 0.075981
Running BFS 3
Time for BFS 3 is 0.015327
TEPS for BFS 3 is 1.09452e+09
Validating BFS 3
Validate time for BFS 3 is 0.074624
Running BFS 4
Time for BFS 4 is 0.013800
TEPS for BFS 4 is 1.21567e+09
Validating BFS 4
Validate time for BFS 4 is 0.074769
Running BFS 5
Time for BFS 5 is 0.013402
TEPS for BFS 5 is 1.2517e+09
Validating BFS 5
Validate time for BFS 5 is 0.074482
Running BFS 6
Time for BFS 6 is 0.014488
TEPS for BFS 6 is 1.15794e+09
Validating BFS 6
Validate time for BFS 6 is 0.074203
Running BFS 7
Time for BFS 7 is 0.016184
TEPS for BFS 7 is 1.03656e+09
Validating BFS 7
Validate time for BFS 7 is 0.075433
Running BFS 8
Time for BFS 8 is 0.009565
TEPS for BFS 8 is 1.75396e+09
Validating BFS 8
Validate time for BFS 8 is 0.073159
Running BFS 9
Time for BFS 9 is 0.012350
TEPS for BFS 9 is 1.35839e+09
Validating BFS 9
Validate time for BFS 9 is 0.074068
Running BFS 10
Time for BFS 10 is 0.014885
TEPS for BFS 10 is 1.12703e+09
Validating BFS 10
Validate time for BFS 10 is 0.074830
Running BFS 11
Time for BFS 11 is 0.014745
TEPS for BFS 11 is 1.13773e+09
Validating BFS 11
Validate time for BFS 11 is 0.076900
Running BFS 12
Time for BFS 12 is 0.015821
TEPS for BFS 12 is 1.06037e+09
Validating BFS 12
Validate time for BFS 12 is 0.076170
Running BFS 13
Time for BFS 13 is 0.011933
TEPS for BFS 13 is 1.40578e+09
Validating BFS 13
Validate time for BFS 13 is 0.074540
Running BFS 14
Time for BFS 14 is 0.012050
TEPS for BFS 14 is 1.39214e+09
Validating BFS 14
Validate time for BFS 14 is 0.076233
Running BFS 15
Time for BFS 15 is 0.013619
TEPS for BFS 15 is 1.23177e+09
Validating BFS 15
Validate time for BFS 15 is 0.077123
Running BFS 16
Time for BFS 16 is 0.015249
TEPS for BFS 16 is 1.10012e+09
Validating BFS 16
Validate time for BFS 16 is 0.077106
Running BFS 17
Time for BFS 17 is 0.010746
TEPS for BFS 17 is 1.5611e+09
Validating BFS 17
Validate time for BFS 17 is 0.076683
Running BFS 18
Time for BFS 18 is 0.012355
TEPS for BFS 18 is 1.35784e+09
Validating BFS 18
Validate time for BFS 18 is 0.076760
Running BFS 19
Time for BFS 19 is 0.011913
TEPS for BFS 19 is 1.40814e+09
Validating BFS 19
Validate time for BFS 19 is 0.074835
Running BFS 20
Time for BFS 20 is 0.012817
TEPS for BFS 20 is 1.30883e+09
Validating BFS 20
Validate time for BFS 20 is 0.074280
Running BFS 21
Time for BFS 21 is 0.016199
TEPS for BFS 21 is 1.03563e+09
Validating BFS 21
Validate time for BFS 21 is 0.076175
Running BFS 22
Time for BFS 22 is 0.014080
TEPS for BFS 22 is 1.1915e+09
Validating BFS 22
Validate time for BFS 22 is 0.077350
Running BFS 23
Time for BFS 23 is 0.016452
TEPS for BFS 23 is 1.01971e+09
Validating BFS 23
Validate time for BFS 23 is 0.079418
Running BFS 24
Time for BFS 24 is 0.015448
TEPS for BFS 24 is 1.08595e+09
Validating BFS 24
Validate time for BFS 24 is 0.077332
Running BFS 25
Time for BFS 25 is 0.013420
TEPS for BFS 25 is 1.25009e+09
Validating BFS 25
Validate time for BFS 25 is 0.076052
Running BFS 26
Time for BFS 26 is 0.010975
TEPS for BFS 26 is 1.52851e+09
Validating BFS 26
Validate time for BFS 26 is 0.074605
Running BFS 27
Time for BFS 27 is 0.010903
TEPS for BFS 27 is 1.53866e+09
Validating BFS 27
Validate time for BFS 27 is 0.076900
Running BFS 28
Time for BFS 28 is 0.012184
TEPS for BFS 28 is 1.37685e+09
Validating BFS 28
Validate time for BFS 28 is 0.075821
Running BFS 29
Time for BFS 29 is 0.013899
TEPS for BFS 29 is 1.20697e+09
Validating BFS 29
Validate time for BFS 29 is 0.076086
Running BFS 30
Time for BFS 30 is 0.011378
TEPS for BFS 30 is 1.47447e+09
Validating BFS 30
Validate time for BFS 30 is 0.079289
Running BFS 31
Time for BFS 31 is 0.012075
TEPS for BFS 31 is 1.38933e+09
Validating BFS 31
Validate time for BFS 31 is 0.076360
Running BFS 32
Time for BFS 32 is 0.012375
TEPS for BFS 32 is 1.35566e+09
Validating BFS 32
Validate time for BFS 32 is 0.076461
Running BFS 33
Time for BFS 33 is 0.012891
TEPS for BFS 33 is 1.30137e+09
Validating BFS 33
Validate time for BFS 33 is 0.074922
Running BFS 34
Time for BFS 34 is 0.012221
TEPS for BFS 34 is 1.37265e+09
Validating BFS 34
Validate time for BFS 34 is 0.075809
Running BFS 35
Time for BFS 35 is 0.014462
TEPS for BFS 35 is 1.16e+09
Validating BFS 35
Validate time for BFS 35 is 0.074692
Running BFS 36
Time for BFS 36 is 0.011983
TEPS for BFS 36 is 1.39999e+09
Validating BFS 36
Validate time for BFS 36 is 0.078121
Running BFS 37
Time for BFS 37 is 0.010784
TEPS for BFS 37 is 1.55562e+09
Validating BFS 37
Validate time for BFS 37 is 0.076468
Running BFS 38
Time for BFS 38 is 0.014305
TEPS for BFS 38 is 1.17276e+09
Validating BFS 38
Validate time for BFS 38 is 0.078079
Running BFS 39
Time for BFS 39 is 0.012497
TEPS for BFS 39 is 1.34235e+09
Validating BFS 39
Validate time for BFS 39 is 0.076249
Running BFS 40
Time for BFS 40 is 0.012590
TEPS for BFS 40 is 1.33248e+09
Validating BFS 40
Validate time for BFS 40 is 0.076072
Running BFS 41
Time for BFS 41 is 0.010768
TEPS for BFS 41 is 1.5579e+09
Validating BFS 41
Validate time for BFS 41 is 0.073028
Running BFS 42
Time for BFS 42 is 0.012082
TEPS for BFS 42 is 1.3885e+09
Validating BFS 42
Validate time for BFS 42 is 0.074192
Running BFS 43
Time for BFS 43 is 0.010641
TEPS for BFS 43 is 1.57651e+09
Validating BFS 43
Validate time for BFS 43 is 0.072533
Running BFS 44
Time for BFS 44 is 0.012660
TEPS for BFS 44 is 1.3251e+09
Validating BFS 44
Validate time for BFS 44 is 0.076268
Running BFS 45
Time for BFS 45 is 0.013532
TEPS for BFS 45 is 1.23974e+09
Validating BFS 45
Validate time for BFS 45 is 0.076054
Running BFS 46
Time for BFS 46 is 0.016034
TEPS for BFS 46 is 1.04624e+09
Validating BFS 46
Validate time for BFS 46 is 0.075056
Running BFS 47
Time for BFS 47 is 0.011955
TEPS for BFS 47 is 1.40327e+09
Validating BFS 47
Validate time for BFS 47 is 0.075552
Running BFS 48
Time for BFS 48 is 0.012377
TEPS for BFS 48 is 1.35538e+09
Validating BFS 48
Validate time for BFS 48 is 0.074597
Running BFS 49
Time for BFS 49 is 0.012227
TEPS for BFS 49 is 1.37202e+09
Validating BFS 49
Validate time for BFS 49 is 0.075024
Running BFS 50
Time for BFS 50 is 0.012846
TEPS for BFS 50 is 1.30595e+09
Validating BFS 50
Validate time for BFS 50 is 0.074201
Running BFS 51
Time for BFS 51 is 0.010238
TEPS for BFS 51 is 1.63851e+09
Validating BFS 51
Validate time for BFS 51 is 0.073573
Running BFS 52
Time for BFS 52 is 0.010453
TEPS for BFS 52 is 1.60493e+09
Validating BFS 52
Validate time for BFS 52 is 0.072229
Running BFS 53
Time for BFS 53 is 0.014320
TEPS for BFS 53 is 1.17145e+09
Validating BFS 53
Validate time for BFS 53 is 0.074054
Running BFS 54
Time for BFS 54 is 0.012318
TEPS for BFS 54 is 1.36184e+09
Validating BFS 54
Validate time for BFS 54 is 0.072492
Running BFS 55
Time for BFS 55 is 0.011018
TEPS for BFS 55 is 1.52252e+09
Validating BFS 55
Validate time for BFS 55 is 0.070590
Running BFS 56
Time for BFS 56 is 0.010754
TEPS for BFS 56 is 1.56e+09
Validating BFS 56
Validate time for BFS 56 is 0.072552
Running BFS 57
Time for BFS 57 is 0.011690
TEPS for BFS 57 is 1.435e+09
Validating BFS 57
Validate time for BFS 57 is 0.073662
Running BFS 58
Time for BFS 58 is 0.013805
TEPS for BFS 58 is 1.21519e+09
Validating BFS 58
Validate time for BFS 58 is 0.074068
Running BFS 59
Time for BFS 59 is 0.010395
TEPS for BFS 59 is 1.61379e+09
Validating BFS 59
Validate time for BFS 59 is 0.074699
Running BFS 60
Time for BFS 60 is 0.011086
TEPS for BFS 60 is 1.51321e+09
Validating BFS 60
Validate time for BFS 60 is 0.070973
Running BFS 61
Time for BFS 61 is 0.014914
TEPS for BFS 61 is 1.12485e+09
Validating BFS 61
Validate time for BFS 61 is 0.072795
Running BFS 62
Time for BFS 62 is 0.011807
TEPS for BFS 62 is 1.42089e+09
Validating BFS 62
Validate time for BFS 62 is 0.074023
Running BFS 63
Time for BFS 63 is 0.013486
TEPS for BFS 63 is 1.24391e+09
Validating BFS 63
Validate time for BFS 63 is 0.074454
SCALE:                          20
edgefactor:                     16
NBFS:                           64
graph_generation:               3.00371
num_mpi_processes:              32
construction_time:              0.745111
bfs  min_time:                  0.00956456
bfs  firstquartile_time:        0.01186
bfs  median_time:               0.0125436
bfs  thirdquartile_time:        0.0143125
bfs  max_time:                  0.0164516
bfs  mean_time:                 0.0129332
bfs  stddev_time:               0.00175582
min_nedge:                      16775818
firstquartile_nedge:            16775818
median_nedge:                   16775818
thirdquartile_nedge:            16775818
max_nedge:                      16775818
mean_nedge:                     16775818
stddev_nedge:                   0
bfs  min_TEPS:                  1.01971e+09
bfs  firstquartile_TEPS:        1.17211e+09
bfs  median_TEPS:               1.3374e+09
bfs  thirdquartile_TEPS:        1.41449e+09
bfs  max_TEPS:                  1.75396e+09
bfs  harmonic_mean_TEPS:     !  1.29712e+09
bfs  harmonic_stddev_TEPS:      2.21862e+07
bfs  min_validate:              0.0705899
bfs  firstquartile_validate:    0.0741964
bfs  median_validate:           0.0750396
bfs  thirdquartile_validate:    0.0764105
bfs  max_validate:              0.0794176
bfs  mean_validate:             0.0752696
bfs  stddev_validate:           0.00182832
