SCALE:                          20
edgefactor:                     16
NBFS:                           64
graph_generation:               6.06051
num_mpi_processes:              1
construction_time:              0.952547
bfs  min_time:                  0.19579
bfs  firstquartile_time:        0.19664
bfs  median_time:               0.19696
bfs  thirdquartile_time:        0.197182
bfs  max_time:                  0.19773
bfs  mean_time:                 0.1969
bfs  stddev_time:               0.000440086
sssp min_time:                  0.523471
sssp firstquartile_time:        0.757783
sssp median_time:               0.817085
sssp thirdquartile_time:        0.85691
sssp max_time:                  1.08047
sssp mean_time:                 0.803831
sssp stddev_time:               0.116654
min_nedge:                      16775818
firstquartile_nedge:            16775818
median_nedge:                   16775818
thirdquartile_nedge:            16775818
max_nedge:                      16775818
mean_nedge:                     16775818
stddev_nedge:                   0
bfs  min_TEPS:                  8.48422e+07
bfs  firstquartile_TEPS:        8.50777e+07
bfs  median_TEPS:               8.51736e+07
bfs  thirdquartile_TEPS:        8.53124e+07
bfs  max_TEPS:                  8.56829e+07
bfs  harmonic_mean_TEPS:     !  8.51997e+07
bfs  harmonic_stddev_TEPS:      23991.7
sssp min_TEPS:                  1.55265e+07
sssp firstquartile_TEPS:        1.95771e+07
sssp median_TEPS:               2.05313e+07
sssp thirdquartile_TEPS:        2.2138e+07
sssp max_TEPS:                  3.20473e+07
sssp harmonic_mean_TEPS:     !  2.08698e+07
sssp harmonic_stddev_TEPS:      381579
bfs  min_validate:              0.639421
bfs  firstquartile_validate:    0.642991
bfs  median_validate:           0.644104
bfs  thirdquartile_validate:    0.645644
bfs  max_validate:              0.649644
bfs  mean_validate:             0.644131
bfs  stddev_validate:           0.00216621
sssp min_validate:              0.429748
sssp firstquartile_validate:    0.430605
sssp median_validate:           0.430977
sssp thirdquartile_validate:    0.431531
sssp max_validate:              0.434114
sssp mean_validate:             0.431079
sssp stddev_validate:           0.00076948

* [MAQAO] Info: Dumping samples (host romeo-c023, process 2143169)
* [MAQAO] Info: Dumping source info for callchain nodes (host romeo-c023, process 2143169)
* [MAQAO] Info: Building/writing metadata (host romeo-c023)
* [MAQAO] Info: Finished collect step (host romeo-c023, process 2143169)


Your experiment path is /home/hananefdh/MPNA/graph500/src/v20/tools/lprof_npsu_run_0

To display your profiling results:
########################################################################################################################
#    LEVEL    |     REPORT     |                                        COMMAND                                        #
########################################################################################################################
#  Functions  |  Cluster-wide  |  maqao lprof -df xp=/home/hananefdh/MPNA/graph500/src/v20/tools/lprof_npsu_run_0      #
#  Functions  |  Per-node      |  maqao lprof -df -dn xp=/home/hananefdh/MPNA/graph500/src/v20/tools/lprof_npsu_run_0  #
#  Functions  |  Per-process   |  maqao lprof -df -dp xp=/home/hananefdh/MPNA/graph500/src/v20/tools/lprof_npsu_run_0  #
#  Functions  |  Per-thread    |  maqao lprof -df -dt xp=/home/hananefdh/MPNA/graph500/src/v20/tools/lprof_npsu_run_0  #
#  Loops      |  Cluster-wide  |  maqao lprof -dl xp=/home/hananefdh/MPNA/graph500/src/v20/tools/lprof_npsu_run_0      #
#  Loops      |  Per-node      |  maqao lprof -dl -dn xp=/home/hananefdh/MPNA/graph500/src/v20/tools/lprof_npsu_run_0  #
#  Loops      |  Per-process   |  maqao lprof -dl -dp xp=/home/hananefdh/MPNA/graph500/src/v20/tools/lprof_npsu_run_0  #
#  Loops      |  Per-thread    |  maqao lprof -dl -dt xp=/home/hananefdh/MPNA/graph500/src/v20/tools/lprof_npsu_run_0  #
########################################################################################################################

